[debug] [2026-09-02T16:15:22.806Z] [Firebase Plugin] Activating Firebase extension.
[debug] [2026-09-02T16:15:50.485Z] [Firebase Plugin] requireAuthWrapper
[debug] [2026-09-02T16:15:50.489Z] > command requires scopes: ["email","openid","https://www.googleapis.com/auth/cloudplatformprojects.readonly","https://www.googleapis.com/auth/firebase","https://www.googleapis.com/auth/cloud-platform"]
[debug] [2026-09-02T16:15:50.490Z] > authorizing via signed-in user (nigel@pixelagent.co.uk)
[debug] [2026-09-02T16:15:50.496Z] Checked if tokens are valid: false, expires at: 1778724934795
[debug] [2026-09-02T16:15:50.497Z] Checked if tokens are valid: false, expires at: 1778724934795
[debug] [2026-09-02T16:15:50.497Z] > refreshing access token with scopes: []
[debug] [2026-09-02T16:15:50.501Z] >>> [apiv2][query] POST https://www.googleapis.com/oauth2/v3/token [none]
[debug] [2026-09-02T16:15:50.501Z] >>> [apiv2][body] POST https://www.googleapis.com/oauth2/v3/token [omitted]
[info] [Firebase Plugin] Starting SQL Connect toolkit (version 3.4.16) on port 50002
[debug] [2026-09-02T16:15:51.958Z] 'fdc build' failed with error: Unable to build your SQL Connect schema and connectors (exit code 1): E0902 17:15:51.956425   68806 cmd.go:43] Error loading data connect config: could not find dataconnect.yaml in `/Users/nigelmorris/Documents/GitHub/induction/dataconnect`
 {"metadata":{"emulator":{"name":"dataconnect"},"message":"'fdc build' failed with error: Unable to build your SQL Connect schema and connectors (exit code 1): E0902 17:15:51.956425   68806 cmd.go:43] Error loading data connect config: could not find dataconnect.yaml in `/Users/nigelmorris/Documents/GitHub/induction/dataconnect`\n"}}
[debug] [2026-09-02T16:15:51.958Z] Ignoring unsupported arg: auto_download {"metadata":{"emulator":{"name":"dataconnect"},"message":"Ignoring unsupported arg: auto_download"}}
[debug] [2026-09-02T16:15:51.958Z] Ignoring unsupported arg: port {"metadata":{"emulator":{"name":"dataconnect"},"message":"Ignoring unsupported arg: port"}}
[debug] [2026-09-02T16:15:51.958Z] Starting SQL Connect Emulator with command {"binary":"/Users/nigelmorris/.cache/firebase/emulators/dataconnect-emulator-3.4.16","args":["--logtostderr","-v=2","dev","--listen=localhost:50002","--config_dir=/Users/nigelmorris/Documents/GitHub/induction/dataconnect","--enable_output_schema_extensions=true","--enable_output_generated_sdk=true"],"optionalArgs":["listen","config_dir","enable_output_schema_extensions","enable_output_generated_sdk"],"joinArgs":true,"shell":false,"port":9399} {"metadata":{"emulator":{"name":"dataconnect"},"message":"Starting SQL Connect Emulator with command {\"binary\":\"/Users/nigelmorris/.cache/firebase/emulators/dataconnect-emulator-3.4.16\",\"args\":[\"--logtostderr\",\"-v=2\",\"dev\",\"--listen=localhost:50002\",\"--config_dir=/Users/nigelmorris/Documents/GitHub/induction/dataconnect\",\"--enable_output_schema_extensions=true\",\"--enable_output_generated_sdk=true\"],\"optionalArgs\":[\"listen\",\"config_dir\",\"enable_output_schema_extensions\",\"enable_output_generated_sdk\"],\"joinArgs\":true,\"shell\":false,\"port\":9399}"}}
[info] i  dataconnect: SQL Connect Emulator logging to dataconnect-debug.log {"metadata":{"emulator":{"name":"dataconnect"},"message":"SQL Connect Emulator logging to dataconnect-debug.log"}}
[debug] [2026-09-02T16:16:00.175Z] E0902 17:15:52.089921   68836 dev.go:80] Failed to load initial config from "/Users/nigelmorris/Documents/GitHub/induction/dataconnect": could not find dataconnect.yaml in `/Users/nigelmorris/Documents/GitHub/induction/dataconnect`
E0902 17:15:52.090750   68836 watch.go:116] watchAllDir unable to walk dir `/Users/nigelmorris/Documents/GitHub/induction/dataconnect`: lstat /Users/nigelmorris/Documents/GitHub/induction/dataconnect: no such file or directory
I0902 17:15:52.092519   68836 dev.go:101] Listening on address (HTTP + gRPC): 127.0.0.1:50002
 {"metadata":{"emulator":{"name":"dataconnect"},"message":"E0902 17:15:52.089921   68836 dev.go:80] Failed to load initial config from \"/Users/nigelmorris/Documents/GitHub/induction/dataconnect\": could not find dataconnect.yaml in `/Users/nigelmorris/Documents/GitHub/induction/dataconnect`\nE0902 17:15:52.090750   68836 watch.go:116] watchAllDir unable to walk dir `/Users/nigelmorris/Documents/GitHub/induction/dataconnect`: lstat /Users/nigelmorris/Documents/GitHub/induction/dataconnect: no such file or directory\nI0902 17:15:52.092519   68836 dev.go:101] Listening on address (HTTP + gRPC): 127.0.0.1:50002\n"}}
[debug] [2026-09-02T16:16:00.403Z] <<< [apiv2][status] POST https://www.googleapis.com/oauth2/v3/token 400
[debug] [2026-09-02T16:16:00.403Z] <<< [apiv2][body] POST https://www.googleapis.com/oauth2/v3/token [omitted]
[error] Authentication Error: Your credentials are no longer valid. Please run firebase login --reauth

For CI servers and headless environments, generate a new token with firebase login:ci
[error] Authentication Error: Your credentials are no longer valid. Please run firebase login --reauth

For CI servers and headless environments, generate a new token with firebase login:ci
[error] [Firebase Plugin] requireAuth error: Authentication Error: Your credentials are no longer valid. Please run firebase login --reauth

For CI servers and headless environments, generate a new token with firebase login:ci
[error] [Firebase Plugin] error:  {}
[debug] [2026-09-02T16:16:02.096Z] E0902 17:16:02.092656   68836 watch.go:40] Failed to load config from "/Users/nigelmorris/Documents/GitHub/induction/dataconnect": could not find dataconnect.yaml in `/Users/nigelmorris/Documents/GitHub/induction/dataconnect`
 {"metadata":{"emulator":{"name":"dataconnect"},"message":"E0902 17:16:02.092656   68836 watch.go:40] Failed to load config from \"/Users/nigelmorris/Documents/GitHub/induction/dataconnect\": could not find dataconnect.yaml in `/Users/nigelmorris/Documents/GitHub/induction/dataconnect`\n"}}
[debug] [2026-09-02T16:16:12.142Z] E0902 17:16:12.115960   68836 watch.go:40] Failed to load config from "/Users/nigelmorris/Documents/GitHub/induction/dataconnect": could not find dataconnect.yaml in `/Users/nigelmorris/Documents/GitHub/induction/dataconnect`
 {"metadata":{"emulator":{"name":"dataconnect"},"message":"E0902 17:16:12.115960   68836 watch.go:40] Failed to load config from \"/Users/nigelmorris/Documents/GitHub/induction/dataconnect\": could not find dataconnect.yaml in `/Users/nigelmorris/Documents/GitHub/induction/dataconnect`\n"}}
[debug] [2026-09-02T16:16:22.093Z] E0902 17:16:22.093069   68836 watch.go:40] Failed to load config from "/Users/nigelmorris/Documents/GitHub/induction/dataconnect": could not find dataconnect.yaml in `/Users/nigelmorris/Documents/GitHub/induction/dataconnect`
 {"metadata":{"emulator":{"name":"dataconnect"},"message":"E0902 17:16:22.093069   68836 watch.go:40] Failed to load config from \"/Users/nigelmorris/Documents/GitHub/induction/dataconnect\": could not find dataconnect.yaml in `/Users/nigelmorris/Documents/GitHub/induction/dataconnect`\n"}}
[debug] [2026-09-02T16:16:32.093Z] E0902 17:16:32.093611   68836 watch.go:40] Failed to load config from "/Users/nigelmorris/Documents/GitHub/induction/dataconnect": could not find dataconnect.yaml in `/Users/nigelmorris/Documents/GitHub/induction/dataconnect`
 {"metadata":{"emulator":{"name":"dataconnect"},"message":"E0902 17:16:32.093611   68836 watch.go:40] Failed to load config from \"/Users/nigelmorris/Documents/GitHub/induction/dataconnect\": could not find dataconnect.yaml in `/Users/nigelmorris/Documents/GitHub/induction/dataconnect`\n"}}
[debug] [2026-09-02T16:16:42.100Z] E0902 17:16:42.098232   68836 watch.go:40] Failed to load config from "/Users/nigelmorris/Documents/GitHub/induction/dataconnect": could not find dataconnect.yaml in `/Users/nigelmorris/Documents/GitHub/induction/dataconnect`
 {"metadata":{"emulator":{"name":"dataconnect"},"message":"E0902 17:16:42.098232   68836 watch.go:40] Failed to load config from \"/Users/nigelmorris/Documents/GitHub/induction/dataconnect\": could not find dataconnect.yaml in `/Users/nigelmorris/Documents/GitHub/induction/dataconnect`\n"}}
[debug] [2026-09-02T16:16:52.095Z] E0902 17:16:52.094610   68836 watch.go:116] watchAllDir unable to walk dir `/Users/nigelmorris/Documents/GitHub/induction/dataconnect`: lstat /Users/nigelmorris/Documents/GitHub/induction/dataconnect: no such file or directory
E0902 17:16:52.095039   68836 watch.go:40] Failed to load config from "/Users/nigelmorris/Documents/GitHub/induction/dataconnect": could not find dataconnect.yaml in `/Users/nigelmorris/Documents/GitHub/induction/dataconnect`
 {"metadata":{"emulator":{"name":"dataconnect"},"message":"E0902 17:16:52.094610   68836 watch.go:116] watchAllDir unable to walk dir `/Users/nigelmorris/Documents/GitHub/induction/dataconnect`: lstat /Users/nigelmorris/Documents/GitHub/induction/dataconnect: no such file or directory\nE0902 17:16:52.095039   68836 watch.go:40] Failed to load config from \"/Users/nigelmorris/Documents/GitHub/induction/dataconnect\": could not find dataconnect.yaml in `/Users/nigelmorris/Documents/GitHub/induction/dataconnect`\n"}}
[debug] [2026-09-02T16:17:02.132Z] E0902 17:17:02.118338   68836 watch.go:40] Failed to load config from "/Users/nigelmorris/Documents/GitHub/induction/dataconnect": could not find dataconnect.yaml in `/Users/nigelmorris/Documents/GitHub/induction/dataconnect`
 {"metadata":{"emulator":{"name":"dataconnect"},"message":"E0902 17:17:02.118338   68836 watch.go:40] Failed to load config from \"/Users/nigelmorris/Documents/GitHub/induction/dataconnect\": could not find dataconnect.yaml in `/Users/nigelmorris/Documents/GitHub/induction/dataconnect`\n"}}
[debug] [2026-09-02T16:17:12.095Z] E0902 17:17:12.095496   68836 watch.go:40] Failed to load config from "/Users/nigelmorris/Documents/GitHub/induction/dataconnect": could not find dataconnect.yaml in `/Users/nigelmorris/Documents/GitHub/induction/dataconnect`
 {"metadata":{"emulator":{"name":"dataconnect"},"message":"E0902 17:17:12.095496   68836 watch.go:40] Failed to load config from \"/Users/nigelmorris/Documents/GitHub/induction/dataconnect\": could not find dataconnect.yaml in `/Users/nigelmorris/Documents/GitHub/induction/dataconnect`\n"}}
[debug] [2026-09-02T16:17:22.095Z] E0902 17:17:22.094804   68836 watch.go:40] Failed to load config from "/Users/nigelmorris/Documents/GitHub/induction/dataconnect": could not find dataconnect.yaml in `/Users/nigelmorris/Documents/GitHub/induction/dataconnect`
 {"metadata":{"emulator":{"name":"dataconnect"},"message":"E0902 17:17:22.094804   68836 watch.go:40] Failed to load config from \"/Users/nigelmorris/Documents/GitHub/induction/dataconnect\": could not find dataconnect.yaml in `/Users/nigelmorris/Documents/GitHub/induction/dataconnect`\n"}}
[debug] [2026-09-02T16:17:32.096Z] E0902 17:17:32.095699   68836 watch.go:40] Failed to load config from "/Users/nigelmorris/Documents/GitHub/induction/dataconnect": could not find dataconnect.yaml in `/Users/nigelmorris/Documents/GitHub/induction/dataconnect`
 {"metadata":{"emulator":{"name":"dataconnect"},"message":"E0902 17:17:32.095699   68836 watch.go:40] Failed to load config from \"/Users/nigelmorris/Documents/GitHub/induction/dataconnect\": could not find dataconnect.yaml in `/Users/nigelmorris/Documents/GitHub/induction/dataconnect`\n"}}
[debug] [2026-09-02T16:17:42.116Z] E0902 17:17:42.110331   68836 watch.go:40] Failed to load config from "/Users/nigelmorris/Documents/GitHub/induction/dataconnect": could not find dataconnect.yaml in `/Users/nigelmorris/Documents/GitHub/induction/dataconnect`
 {"metadata":{"emulator":{"name":"dataconnect"},"message":"E0902 17:17:42.110331   68836 watch.go:40] Failed to load config from \"/Users/nigelmorris/Documents/GitHub/induction/dataconnect\": could not find dataconnect.yaml in `/Users/nigelmorris/Documents/GitHub/induction/dataconnect`\n"}}
[debug] [2026-09-02T16:17:52.120Z] E0902 17:17:52.119554   68836 watch.go:116] watchAllDir unable to walk dir `/Users/nigelmorris/Documents/GitHub/induction/dataconnect`: lstat /Users/nigelmorris/Documents/GitHub/induction/dataconnect: no such file or directory
 {"metadata":{"emulator":{"name":"dataconnect"},"message":"E0902 17:17:52.119554   68836 watch.go:116] watchAllDir unable to walk dir `/Users/nigelmorris/Documents/GitHub/induction/dataconnect`: lstat /Users/nigelmorris/Documents/GitHub/induction/dataconnect: no such file or directory\n"}}
[debug] [2026-09-02T16:17:52.126Z] E0902 17:17:52.125362   68836 watch.go:40] Failed to load config from "/Users/nigelmorris/Documents/GitHub/induction/dataconnect": could not find dataconnect.yaml in `/Users/nigelmorris/Documents/GitHub/induction/dataconnect`
 {"metadata":{"emulator":{"name":"dataconnect"},"message":"E0902 17:17:52.125362   68836 watch.go:40] Failed to load config from \"/Users/nigelmorris/Documents/GitHub/induction/dataconnect\": could not find dataconnect.yaml in `/Users/nigelmorris/Documents/GitHub/induction/dataconnect`\n"}}
[debug] [2026-09-02T16:18:02.101Z] E0902 17:18:02.100532   68836 watch.go:40] Failed to load config from "/Users/nigelmorris/Documents/GitHub/induction/dataconnect": could not find dataconnect.yaml in `/Users/nigelmorris/Documents/GitHub/induction/dataconnect`
 {"metadata":{"emulator":{"name":"dataconnect"},"message":"E0902 17:18:02.100532   68836 watch.go:40] Failed to load config from \"/Users/nigelmorris/Documents/GitHub/induction/dataconnect\": could not find dataconnect.yaml in `/Users/nigelmorris/Documents/GitHub/induction/dataconnect`\n"}}
[debug] [2026-09-02T16:18:12.098Z] E0902 17:18:12.098224   68836 watch.go:40] Failed to load config from "/Users/nigelmorris/Documents/GitHub/induction/dataconnect": could not find dataconnect.yaml in `/Users/nigelmorris/Documents/GitHub/induction/dataconnect`
 {"metadata":{"emulator":{"name":"dataconnect"},"message":"E0902 17:18:12.098224   68836 watch.go:40] Failed to load config from \"/Users/nigelmorris/Documents/GitHub/induction/dataconnect\": could not find dataconnect.yaml in `/Users/nigelmorris/Documents/GitHub/induction/dataconnect`\n"}}
[debug] [2026-09-02T16:18:22.097Z] E0902 17:18:22.097137   68836 watch.go:40] Failed to load config from "/Users/nigelmorris/Documents/GitHub/induction/dataconnect": could not find dataconnect.yaml in `/Users/nigelmorris/Documents/GitHub/induction/dataconnect`
 {"metadata":{"emulator":{"name":"dataconnect"},"message":"E0902 17:18:22.097137   68836 watch.go:40] Failed to load config from \"/Users/nigelmorris/Documents/GitHub/induction/dataconnect\": could not find dataconnect.yaml in `/Users/nigelmorris/Documents/GitHub/induction/dataconnect`\n"}}
[debug] [2026-09-02T16:18:32.097Z] E0902 17:18:32.097138   68836 watch.go:40] Failed to load config from "/Users/nigelmorris/Documents/GitHub/induction/dataconnect": could not find dataconnect.yaml in `/Users/nigelmorris/Documents/GitHub/induction/dataconnect`
 {"metadata":{"emulator":{"name":"dataconnect"},"message":"E0902 17:18:32.097138   68836 watch.go:40] Failed to load config from \"/Users/nigelmorris/Documents/GitHub/induction/dataconnect\": could not find dataconnect.yaml in `/Users/nigelmorris/Documents/GitHub/induction/dataconnect`\n"}}
[debug] [2026-09-02T16:18:42.108Z] E0902 17:18:42.107585   68836 watch.go:40] Failed to load config from "/Users/nigelmorris/Documents/GitHub/induction/dataconnect": could not find dataconnect.yaml in `/Users/nigelmorris/Documents/GitHub/induction/dataconnect`
 {"metadata":{"emulator":{"name":"dataconnect"},"message":"E0902 17:18:42.107585   68836 watch.go:40] Failed to load config from \"/Users/nigelmorris/Documents/GitHub/induction/dataconnect\": could not find dataconnect.yaml in `/Users/nigelmorris/Documents/GitHub/induction/dataconnect`\n"}}
[debug] [2026-09-02T16:18:52.098Z] E0902 17:18:52.097632   68836 watch.go:116] watchAllDir unable to walk dir `/Users/nigelmorris/Documents/GitHub/induction/dataconnect`: lstat /Users/nigelmorris/Documents/GitHub/induction/dataconnect: no such file or directory
E0902 17:18:52.097858   68836 watch.go:40] Failed to load config from "/Users/nigelmorris/Documents/GitHub/induction/dataconnect": could not find dataconnect.yaml in `/Users/nigelmorris/Documents/GitHub/induction/dataconnect`
 {"metadata":{"emulator":{"name":"dataconnect"},"message":"E0902 17:18:52.097632   68836 watch.go:116] watchAllDir unable to walk dir `/Users/nigelmorris/Documents/GitHub/induction/dataconnect`: lstat /Users/nigelmorris/Documents/GitHub/induction/dataconnect: no such file or directory\nE0902 17:18:52.097858   68836 watch.go:40] Failed to load config from \"/Users/nigelmorris/Documents/GitHub/induction/dataconnect\": could not find dataconnect.yaml in `/Users/nigelmorris/Documents/GitHub/induction/dataconnect`\n"}}
[debug] [2026-09-02T16:19:02.098Z] E0902 17:19:02.097831   68836 watch.go:40] Failed to load config from "/Users/nigelmorris/Documents/GitHub/induction/dataconnect": could not find dataconnect.yaml in `/Users/nigelmorris/Documents/GitHub/induction/dataconnect`
 {"metadata":{"emulator":{"name":"dataconnect"},"message":"E0902 17:19:02.097831   68836 watch.go:40] Failed to load config from \"/Users/nigelmorris/Documents/GitHub/induction/dataconnect\": could not find dataconnect.yaml in `/Users/nigelmorris/Documents/GitHub/induction/dataconnect`\n"}}
[debug] [2026-09-02T16:19:12.110Z] E0902 17:19:12.109907   68836 watch.go:40] Failed to load config from "/Users/nigelmorris/Documents/GitHub/induction/dataconnect": could not find dataconnect.yaml in `/Users/nigelmorris/Documents/GitHub/induction/dataconnect`
 {"metadata":{"emulator":{"name":"dataconnect"},"message":"E0902 17:19:12.109907   68836 watch.go:40] Failed to load config from \"/Users/nigelmorris/Documents/GitHub/induction/dataconnect\": could not find dataconnect.yaml in `/Users/nigelmorris/Documents/GitHub/induction/dataconnect`\n"}}
[debug] [2026-09-02T16:19:22.103Z] E0902 17:19:22.098946   68836 watch.go:40] Failed to load config from "/Users/nigelmorris/Documents/GitHub/induction/dataconnect": could not find dataconnect.yaml in `/Users/nigelmorris/Documents/GitHub/induction/dataconnect`
 {"metadata":{"emulator":{"name":"dataconnect"},"message":"E0902 17:19:22.098946   68836 watch.go:40] Failed to load config from \"/Users/nigelmorris/Documents/GitHub/induction/dataconnect\": could not find dataconnect.yaml in `/Users/nigelmorris/Documents/GitHub/induction/dataconnect`\n"}}
[debug] [2026-09-02T16:19:32.101Z] E0902 17:19:32.100853   68836 watch.go:40] Failed to load config from "/Users/nigelmorris/Documents/GitHub/induction/dataconnect": could not find dataconnect.yaml in `/Users/nigelmorris/Documents/GitHub/induction/dataconnect`
 {"metadata":{"emulator":{"name":"dataconnect"},"message":"E0902 17:19:32.100853   68836 watch.go:40] Failed to load config from \"/Users/nigelmorris/Documents/GitHub/induction/dataconnect\": could not find dataconnect.yaml in `/Users/nigelmorris/Documents/GitHub/induction/dataconnect`\n"}}
[debug] [2026-09-02T16:19:42.101Z] E0902 17:19:42.100447   68836 watch.go:40] Failed to load config from "/Users/nigelmorris/Documents/GitHub/induction/dataconnect": could not find dataconnect.yaml in `/Users/nigelmorris/Documents/GitHub/induction/dataconnect`
 {"metadata":{"emulator":{"name":"dataconnect"},"message":"E0902 17:19:42.100447   68836 watch.go:40] Failed to load config from \"/Users/nigelmorris/Documents/GitHub/induction/dataconnect\": could not find dataconnect.yaml in `/Users/nigelmorris/Documents/GitHub/induction/dataconnect`\n"}}
[debug] [2026-09-02T16:19:52.100Z] E0902 17:19:52.100174   68836 watch.go:40] Failed to load config from "/Users/nigelmorris/Documents/GitHub/induction/dataconnect": could not find dataconnect.yaml in `/Users/nigelmorris/Documents/GitHub/induction/dataconnect`
 {"metadata":{"emulator":{"name":"dataconnect"},"message":"E0902 17:19:52.100174   68836 watch.go:40] Failed to load config from \"/Users/nigelmorris/Documents/GitHub/induction/dataconnect\": could not find dataconnect.yaml in `/Users/nigelmorris/Documents/GitHub/induction/dataconnect`\n"}}
[debug] [2026-09-02T16:19:52.102Z] E0902 17:19:52.100092   68836 watch.go:116] watchAllDir unable to walk dir `/Users/nigelmorris/Documents/GitHub/induction/dataconnect`: lstat /Users/nigelmorris/Documents/GitHub/induction/dataconnect: no such file or directory
 {"metadata":{"emulator":{"name":"dataconnect"},"message":"E0902 17:19:52.100092   68836 watch.go:116] watchAllDir unable to walk dir `/Users/nigelmorris/Documents/GitHub/induction/dataconnect`: lstat /Users/nigelmorris/Documents/GitHub/induction/dataconnect: no such file or directory\n"}}
[debug] [2026-09-02T16:20:02.101Z] E0902 17:20:02.100554   68836 watch.go:40] Failed to load config from "/Users/nigelmorris/Documents/GitHub/induction/dataconnect": could not find dataconnect.yaml in `/Users/nigelmorris/Documents/GitHub/induction/dataconnect`
 {"metadata":{"emulator":{"name":"dataconnect"},"message":"E0902 17:20:02.100554   68836 watch.go:40] Failed to load config from \"/Users/nigelmorris/Documents/GitHub/induction/dataconnect\": could not find dataconnect.yaml in `/Users/nigelmorris/Documents/GitHub/induction/dataconnect`\n"}}
[debug] [2026-09-02T16:20:12.102Z] E0902 17:20:12.102089   68836 watch.go:40] Failed to load config from "/Users/nigelmorris/Documents/GitHub/induction/dataconnect": could not find dataconnect.yaml in `/Users/nigelmorris/Documents/GitHub/induction/dataconnect`
 {"metadata":{"emulator":{"name":"dataconnect"},"message":"E0902 17:20:12.102089   68836 watch.go:40] Failed to load config from \"/Users/nigelmorris/Documents/GitHub/induction/dataconnect\": could not find dataconnect.yaml in `/Users/nigelmorris/Documents/GitHub/induction/dataconnect`\n"}}
[debug] [2026-09-02T16:20:22.101Z] E0902 17:20:22.101352   68836 watch.go:40] Failed to load config from "/Users/nigelmorris/Documents/GitHub/induction/dataconnect": could not find dataconnect.yaml in `/Users/nigelmorris/Documents/GitHub/induction/dataconnect`
 {"metadata":{"emulator":{"name":"dataconnect"},"message":"E0902 17:20:22.101352   68836 watch.go:40] Failed to load config from \"/Users/nigelmorris/Documents/GitHub/induction/dataconnect\": could not find dataconnect.yaml in `/Users/nigelmorris/Documents/GitHub/induction/dataconnect`\n"}}
[debug] [2026-09-02T16:20:32.100Z] E0902 17:20:32.099512   68836 watch.go:40] Failed to load config from "/Users/nigelmorris/Documents/GitHub/induction/dataconnect": could not find dataconnect.yaml in `/Users/nigelmorris/Documents/GitHub/induction/dataconnect`
 {"metadata":{"emulator":{"name":"dataconnect"},"message":"E0902 17:20:32.099512   68836 watch.go:40] Failed to load config from \"/Users/nigelmorris/Documents/GitHub/induction/dataconnect\": could not find dataconnect.yaml in `/Users/nigelmorris/Documents/GitHub/induction/dataconnect`\n"}}
[debug] [2026-09-02T16:20:42.100Z] E0902 17:20:42.100235   68836 watch.go:40] Failed to load config from "/Users/nigelmorris/Documents/GitHub/induction/dataconnect": could not find dataconnect.yaml in `/Users/nigelmorris/Documents/GitHub/induction/dataconnect`
 {"metadata":{"emulator":{"name":"dataconnect"},"message":"E0902 17:20:42.100235   68836 watch.go:40] Failed to load config from \"/Users/nigelmorris/Documents/GitHub/induction/dataconnect\": could not find dataconnect.yaml in `/Users/nigelmorris/Documents/GitHub/induction/dataconnect`\n"}}
[debug] [2026-09-02T16:20:52.100Z] E0902 17:20:52.099948   68836 watch.go:116] watchAllDir unable to walk dir `/Users/nigelmorris/Documents/GitHub/induction/dataconnect`: lstat /Users/nigelmorris/Documents/GitHub/induction/dataconnect: no such file or directory
E0902 17:20:52.100127   68836 watch.go:40] Failed to load config from "/Users/nigelmorris/Documents/GitHub/induction/dataconnect": could not find dataconnect.yaml in `/Users/nigelmorris/Documents/GitHub/induction/dataconnect`
 {"metadata":{"emulator":{"name":"dataconnect"},"message":"E0902 17:20:52.099948   68836 watch.go:116] watchAllDir unable to walk dir `/Users/nigelmorris/Documents/GitHub/induction/dataconnect`: lstat /Users/nigelmorris/Documents/GitHub/induction/dataconnect: no such file or directory\nE0902 17:20:52.100127   68836 watch.go:40] Failed to load config from \"/Users/nigelmorris/Documents/GitHub/induction/dataconnect\": could not find dataconnect.yaml in `/Users/nigelmorris/Documents/GitHub/induction/dataconnect`\n"}}
[debug] [2026-09-02T16:21:02.107Z] E0902 17:21:02.107047   68836 watch.go:40] Failed to load config from "/Users/nigelmorris/Documents/GitHub/induction/dataconnect": could not find dataconnect.yaml in `/Users/nigelmorris/Documents/GitHub/induction/dataconnect`
 {"metadata":{"emulator":{"name":"dataconnect"},"message":"E0902 17:21:02.107047   68836 watch.go:40] Failed to load config from \"/Users/nigelmorris/Documents/GitHub/induction/dataconnect\": could not find dataconnect.yaml in `/Users/nigelmorris/Documents/GitHub/induction/dataconnect`\n"}}
[debug] [2026-09-02T16:21:12.101Z] E0902 17:21:12.100975   68836 watch.go:40] Failed to load config from "/Users/nigelmorris/Documents/GitHub/induction/dataconnect": could not find dataconnect.yaml in `/Users/nigelmorris/Documents/GitHub/induction/dataconnect`
 {"metadata":{"emulator":{"name":"dataconnect"},"message":"E0902 17:21:12.100975   68836 watch.go:40] Failed to load config from \"/Users/nigelmorris/Documents/GitHub/induction/dataconnect\": could not find dataconnect.yaml in `/Users/nigelmorris/Documents/GitHub/induction/dataconnect`\n"}}
[debug] [2026-09-02T16:21:22.140Z] E0902 17:21:22.136350   68836 watch.go:40] Failed to load config from "/Users/nigelmorris/Documents/GitHub/induction/dataconnect": could not find dataconnect.yaml in `/Users/nigelmorris/Documents/GitHub/induction/dataconnect`
 {"metadata":{"emulator":{"name":"dataconnect"},"message":"E0902 17:21:22.136350   68836 watch.go:40] Failed to load config from \"/Users/nigelmorris/Documents/GitHub/induction/dataconnect\": could not find dataconnect.yaml in `/Users/nigelmorris/Documents/GitHub/induction/dataconnect`\n"}}
[debug] [2026-09-02T16:21:32.236Z] E0902 17:21:32.222635   68836 watch.go:40] Failed to load config from "/Users/nigelmorris/Documents/GitHub/induction/dataconnect": could not find dataconnect.yaml in `/Users/nigelmorris/Documents/GitHub/induction/dataconnect`
 {"metadata":{"emulator":{"name":"dataconnect"},"message":"E0902 17:21:32.222635   68836 watch.go:40] Failed to load config from \"/Users/nigelmorris/Documents/GitHub/induction/dataconnect\": could not find dataconnect.yaml in `/Users/nigelmorris/Documents/GitHub/induction/dataconnect`\n"}}
[debug] [2026-09-02T16:21:42.101Z] E0902 17:21:42.101412   68836 watch.go:40] Failed to load config from "/Users/nigelmorris/Documents/GitHub/induction/dataconnect": could not find dataconnect.yaml in `/Users/nigelmorris/Documents/GitHub/induction/dataconnect`
 {"metadata":{"emulator":{"name":"dataconnect"},"message":"E0902 17:21:42.101412   68836 watch.go:40] Failed to load config from \"/Users/nigelmorris/Documents/GitHub/induction/dataconnect\": could not find dataconnect.yaml in `/Users/nigelmorris/Documents/GitHub/induction/dataconnect`\n"}}
[debug] [2026-09-02T16:21:52.102Z] E0902 17:21:52.102143   68836 watch.go:40] Failed to load config from "/Users/nigelmorris/Documents/GitHub/induction/dataconnect": could not find dataconnect.yaml in `/Users/nigelmorris/Documents/GitHub/induction/dataconnect`
E0902 17:21:52.101971   68836 watch.go:116] watchAllDir unable to walk dir `/Users/nigelmorris/Documents/GitHub/induction/dataconnect`: lstat /Users/nigelmorris/Documents/GitHub/induction/dataconnect: no such file or directory
 {"metadata":{"emulator":{"name":"dataconnect"},"message":"E0902 17:21:52.102143   68836 watch.go:40] Failed to load config from \"/Users/nigelmorris/Documents/GitHub/induction/dataconnect\": could not find dataconnect.yaml in `/Users/nigelmorris/Documents/GitHub/induction/dataconnect`\nE0902 17:21:52.101971   68836 watch.go:116] watchAllDir unable to walk dir `/Users/nigelmorris/Documents/GitHub/induction/dataconnect`: lstat /Users/nigelmorris/Documents/GitHub/induction/dataconnect: no such file or directory\n"}}
[debug] [2026-09-02T16:22:02.102Z] E0902 17:22:02.102186   68836 watch.go:40] Failed to load config from "/Users/nigelmorris/Documents/GitHub/induction/dataconnect": could not find dataconnect.yaml in `/Users/nigelmorris/Documents/GitHub/induction/dataconnect`
 {"metadata":{"emulator":{"name":"dataconnect"},"message":"E0902 17:22:02.102186   68836 watch.go:40] Failed to load config from \"/Users/nigelmorris/Documents/GitHub/induction/dataconnect\": could not find dataconnect.yaml in `/Users/nigelmorris/Documents/GitHub/induction/dataconnect`\n"}}
[debug] [2026-09-02T16:22:12.102Z] E0902 17:22:12.102353   68836 watch.go:40] Failed to load config from "/Users/nigelmorris/Documents/GitHub/induction/dataconnect": could not find dataconnect.yaml in `/Users/nigelmorris/Documents/GitHub/induction/dataconnect`
 {"metadata":{"emulator":{"name":"dataconnect"},"message":"E0902 17:22:12.102353   68836 watch.go:40] Failed to load config from \"/Users/nigelmorris/Documents/GitHub/induction/dataconnect\": could not find dataconnect.yaml in `/Users/nigelmorris/Documents/GitHub/induction/dataconnect`\n"}}
[debug] [2026-09-02T16:22:22.102Z] E0902 17:22:22.102430   68836 watch.go:40] Failed to load config from "/Users/nigelmorris/Documents/GitHub/induction/dataconnect": could not find dataconnect.yaml in `/Users/nigelmorris/Documents/GitHub/induction/dataconnect`
 {"metadata":{"emulator":{"name":"dataconnect"},"message":"E0902 17:22:22.102430   68836 watch.go:40] Failed to load config from \"/Users/nigelmorris/Documents/GitHub/induction/dataconnect\": could not find dataconnect.yaml in `/Users/nigelmorris/Documents/GitHub/induction/dataconnect`\n"}}
[debug] [2026-09-02T16:22:32.103Z] E0902 17:22:32.103110   68836 watch.go:40] Failed to load config from "/Users/nigelmorris/Documents/GitHub/induction/dataconnect": could not find dataconnect.yaml in `/Users/nigelmorris/Documents/GitHub/induction/dataconnect`
 {"metadata":{"emulator":{"name":"dataconnect"},"message":"E0902 17:22:32.103110   68836 watch.go:40] Failed to load config from \"/Users/nigelmorris/Documents/GitHub/induction/dataconnect\": could not find dataconnect.yaml in `/Users/nigelmorris/Documents/GitHub/induction/dataconnect`\n"}}
[debug] [2026-09-02T16:22:42.106Z] E0902 17:22:42.105981   68836 watch.go:40] Failed to load config from "/Users/nigelmorris/Documents/GitHub/induction/dataconnect": could not find dataconnect.yaml in `/Users/nigelmorris/Documents/GitHub/induction/dataconnect`
 {"metadata":{"emulator":{"name":"dataconnect"},"message":"E0902 17:22:42.105981   68836 watch.go:40] Failed to load config from \"/Users/nigelmorris/Documents/GitHub/induction/dataconnect\": could not find dataconnect.yaml in `/Users/nigelmorris/Documents/GitHub/induction/dataconnect`\n"}}
[debug] [2026-09-02T16:22:52.105Z] E0902 17:22:52.104083   68836 watch.go:116] watchAllDir unable to walk dir `/Users/nigelmorris/Documents/GitHub/induction/dataconnect`: lstat /Users/nigelmorris/Documents/GitHub/induction/dataconnect: no such file or directory
 {"metadata":{"emulator":{"name":"dataconnect"},"message":"E0902 17:22:52.104083   68836 watch.go:116] watchAllDir unable to walk dir `/Users/nigelmorris/Documents/GitHub/induction/dataconnect`: lstat /Users/nigelmorris/Documents/GitHub/induction/dataconnect: no such file or directory\n"}}
[debug] [2026-09-02T16:22:52.106Z] E0902 17:22:52.104521   68836 watch.go:40] Failed to load config from "/Users/nigelmorris/Documents/GitHub/induction/dataconnect": could not find dataconnect.yaml in `/Users/nigelmorris/Documents/GitHub/induction/dataconnect`
 {"metadata":{"emulator":{"name":"dataconnect"},"message":"E0902 17:22:52.104521   68836 watch.go:40] Failed to load config from \"/Users/nigelmorris/Documents/GitHub/induction/dataconnect\": could not find dataconnect.yaml in `/Users/nigelmorris/Documents/GitHub/induction/dataconnect`\n"}}
[debug] [2026-09-02T16:23:02.103Z] E0902 17:23:02.103705   68836 watch.go:40] Failed to load config from "/Users/nigelmorris/Documents/GitHub/induction/dataconnect": could not find dataconnect.yaml in `/Users/nigelmorris/Documents/GitHub/induction/dataconnect`
 {"metadata":{"emulator":{"name":"dataconnect"},"message":"E0902 17:23:02.103705   68836 watch.go:40] Failed to load config from \"/Users/nigelmorris/Documents/GitHub/induction/dataconnect\": could not find dataconnect.yaml in `/Users/nigelmorris/Documents/GitHub/induction/dataconnect`\n"}}
[debug] [2026-09-02T16:23:12.104Z] E0902 17:23:12.104227   68836 watch.go:40] Failed to load config from "/Users/nigelmorris/Documents/GitHub/induction/dataconnect": could not find dataconnect.yaml in `/Users/nigelmorris/Documents/GitHub/induction/dataconnect`
 {"metadata":{"emulator":{"name":"dataconnect"},"message":"E0902 17:23:12.104227   68836 watch.go:40] Failed to load config from \"/Users/nigelmorris/Documents/GitHub/induction/dataconnect\": could not find dataconnect.yaml in `/Users/nigelmorris/Documents/GitHub/induction/dataconnect`\n"}}
[debug] [2026-09-02T16:23:22.104Z] E0902 17:23:22.104456   68836 watch.go:40] Failed to load config from "/Users/nigelmorris/Documents/GitHub/induction/dataconnect": could not find dataconnect.yaml in `/Users/nigelmorris/Documents/GitHub/induction/dataconnect`
 {"metadata":{"emulator":{"name":"dataconnect"},"message":"E0902 17:23:22.104456   68836 watch.go:40] Failed to load config from \"/Users/nigelmorris/Documents/GitHub/induction/dataconnect\": could not find dataconnect.yaml in `/Users/nigelmorris/Documents/GitHub/induction/dataconnect`\n"}}
[debug] [2026-09-02T16:23:32.106Z] E0902 17:23:32.105482   68836 watch.go:40] Failed to load config from "/Users/nigelmorris/Documents/GitHub/induction/dataconnect": could not find dataconnect.yaml in `/Users/nigelmorris/Documents/GitHub/induction/dataconnect`
 {"metadata":{"emulator":{"name":"dataconnect"},"message":"E0902 17:23:32.105482   68836 watch.go:40] Failed to load config from \"/Users/nigelmorris/Documents/GitHub/induction/dataconnect\": could not find dataconnect.yaml in `/Users/nigelmorris/Documents/GitHub/induction/dataconnect`\n"}}
[debug] [2026-09-02T16:23:42.104Z] E0902 17:23:42.104489   68836 watch.go:40] Failed to load config from "/Users/nigelmorris/Documents/GitHub/induction/dataconnect": could not find dataconnect.yaml in `/Users/nigelmorris/Documents/GitHub/induction/dataconnect`
 {"metadata":{"emulator":{"name":"dataconnect"},"message":"E0902 17:23:42.104489   68836 watch.go:40] Failed to load config from \"/Users/nigelmorris/Documents/GitHub/induction/dataconnect\": could not find dataconnect.yaml in `/Users/nigelmorris/Documents/GitHub/induction/dataconnect`\n"}}
[debug] [2026-09-02T16:23:52.104Z] E0902 17:23:52.104351   68836 watch.go:116] watchAllDir unable to walk dir `/Users/nigelmorris/Documents/GitHub/induction/dataconnect`: lstat /Users/nigelmorris/Documents/GitHub/induction/dataconnect: no such file or directory
 {"metadata":{"emulator":{"name":"dataconnect"},"message":"E0902 17:23:52.104351   68836 watch.go:116] watchAllDir unable to walk dir `/Users/nigelmorris/Documents/GitHub/induction/dataconnect`: lstat /Users/nigelmorris/Documents/GitHub/induction/dataconnect: no such file or directory\n"}}
[debug] [2026-09-02T16:23:52.106Z] E0902 17:23:52.104436   68836 watch.go:40] Failed to load config from "/Users/nigelmorris/Documents/GitHub/induction/dataconnect": could not find dataconnect.yaml in `/Users/nigelmorris/Documents/GitHub/induction/dataconnect`
 {"metadata":{"emulator":{"name":"dataconnect"},"message":"E0902 17:23:52.104436   68836 watch.go:40] Failed to load config from \"/Users/nigelmorris/Documents/GitHub/induction/dataconnect\": could not find dataconnect.yaml in `/Users/nigelmorris/Documents/GitHub/induction/dataconnect`\n"}}
[debug] [2026-09-02T16:24:02.105Z] E0902 17:24:02.105577   68836 watch.go:40] Failed to load config from "/Users/nigelmorris/Documents/GitHub/induction/dataconnect": could not find dataconnect.yaml in `/Users/nigelmorris/Documents/GitHub/induction/dataconnect`
 {"metadata":{"emulator":{"name":"dataconnect"},"message":"E0902 17:24:02.105577   68836 watch.go:40] Failed to load config from \"/Users/nigelmorris/Documents/GitHub/induction/dataconnect\": could not find dataconnect.yaml in `/Users/nigelmorris/Documents/GitHub/induction/dataconnect`\n"}}
[debug] [2026-09-02T16:24:12.107Z] E0902 17:24:12.106795   68836 watch.go:40] Failed to load config from "/Users/nigelmorris/Documents/GitHub/induction/dataconnect": could not find dataconnect.yaml in `/Users/nigelmorris/Documents/GitHub/induction/dataconnect`
 {"metadata":{"emulator":{"name":"dataconnect"},"message":"E0902 17:24:12.106795   68836 watch.go:40] Failed to load config from \"/Users/nigelmorris/Documents/GitHub/induction/dataconnect\": could not find dataconnect.yaml in `/Users/nigelmorris/Documents/GitHub/induction/dataconnect`\n"}}
[debug] [2026-09-02T16:24:22.108Z] E0902 17:24:22.107420   68836 watch.go:40] Failed to load config from "/Users/nigelmorris/Documents/GitHub/induction/dataconnect": could not find dataconnect.yaml in `/Users/nigelmorris/Documents/GitHub/induction/dataconnect`
 {"metadata":{"emulator":{"name":"dataconnect"},"message":"E0902 17:24:22.107420   68836 watch.go:40] Failed to load config from \"/Users/nigelmorris/Documents/GitHub/induction/dataconnect\": could not find dataconnect.yaml in `/Users/nigelmorris/Documents/GitHub/induction/dataconnect`\n"}}
[debug] [2026-09-02T16:24:32.110Z] E0902 17:24:32.106940   68836 watch.go:40] Failed to load config from "/Users/nigelmorris/Documents/GitHub/induction/dataconnect": could not find dataconnect.yaml in `/Users/nigelmorris/Documents/GitHub/induction/dataconnect`
 {"metadata":{"emulator":{"name":"dataconnect"},"message":"E0902 17:24:32.106940   68836 watch.go:40] Failed to load config from \"/Users/nigelmorris/Documents/GitHub/induction/dataconnect\": could not find dataconnect.yaml in `/Users/nigelmorris/Documents/GitHub/induction/dataconnect`\n"}}
[debug] [2026-09-02T16:24:42.106Z] E0902 17:24:42.106401   68836 watch.go:40] Failed to load config from "/Users/nigelmorris/Documents/GitHub/induction/dataconnect": could not find dataconnect.yaml in `/Users/nigelmorris/Documents/GitHub/induction/dataconnect`
 {"metadata":{"emulator":{"name":"dataconnect"},"message":"E0902 17:24:42.106401   68836 watch.go:40] Failed to load config from \"/Users/nigelmorris/Documents/GitHub/induction/dataconnect\": could not find dataconnect.yaml in `/Users/nigelmorris/Documents/GitHub/induction/dataconnect`\n"}}
[debug] [2026-09-02T16:24:52.109Z] E0902 17:24:52.108943   68836 watch.go:40] Failed to load config from "/Users/nigelmorris/Documents/GitHub/induction/dataconnect": could not find dataconnect.yaml in `/Users/nigelmorris/Documents/GitHub/induction/dataconnect`
E0902 17:24:52.108830   68836 watch.go:116] watchAllDir unable to walk dir `/Users/nigelmorris/Documents/GitHub/induction/dataconnect`: lstat /Users/nigelmorris/Documents/GitHub/induction/dataconnect: no such file or directory
 {"metadata":{"emulator":{"name":"dataconnect"},"message":"E0902 17:24:52.108943   68836 watch.go:40] Failed to load config from \"/Users/nigelmorris/Documents/GitHub/induction/dataconnect\": could not find dataconnect.yaml in `/Users/nigelmorris/Documents/GitHub/induction/dataconnect`\nE0902 17:24:52.108830   68836 watch.go:116] watchAllDir unable to walk dir `/Users/nigelmorris/Documents/GitHub/induction/dataconnect`: lstat /Users/nigelmorris/Documents/GitHub/induction/dataconnect: no such file or directory\n"}}
[debug] [2026-09-02T16:25:02.108Z] E0902 17:25:02.107885   68836 watch.go:40] Failed to load config from "/Users/nigelmorris/Documents/GitHub/induction/dataconnect": could not find dataconnect.yaml in `/Users/nigelmorris/Documents/GitHub/induction/dataconnect`
 {"metadata":{"emulator":{"name":"dataconnect"},"message":"E0902 17:25:02.107885   68836 watch.go:40] Failed to load config from \"/Users/nigelmorris/Documents/GitHub/induction/dataconnect\": could not find dataconnect.yaml in `/Users/nigelmorris/Documents/GitHub/induction/dataconnect`\n"}}
[debug] [2026-09-02T16:25:12.107Z] E0902 17:25:12.107229   68836 watch.go:40] Failed to load config from "/Users/nigelmorris/Documents/GitHub/induction/dataconnect": could not find dataconnect.yaml in `/Users/nigelmorris/Documents/GitHub/induction/dataconnect`
 {"metadata":{"emulator":{"name":"dataconnect"},"message":"E0902 17:25:12.107229   68836 watch.go:40] Failed to load config from \"/Users/nigelmorris/Documents/GitHub/induction/dataconnect\": could not find dataconnect.yaml in `/Users/nigelmorris/Documents/GitHub/induction/dataconnect`\n"}}
[debug] [2026-09-02T16:25:22.108Z] E0902 17:25:22.108232   68836 watch.go:40] Failed to load config from "/Users/nigelmorris/Documents/GitHub/induction/dataconnect": could not find dataconnect.yaml in `/Users/nigelmorris/Documents/GitHub/induction/dataconnect`
 {"metadata":{"emulator":{"name":"dataconnect"},"message":"E0902 17:25:22.108232   68836 watch.go:40] Failed to load config from \"/Users/nigelmorris/Documents/GitHub/induction/dataconnect\": could not find dataconnect.yaml in `/Users/nigelmorris/Documents/GitHub/induction/dataconnect`\n"}}
[debug] [2026-09-02T16:25:32.107Z] E0902 17:25:32.107273   68836 watch.go:40] Failed to load config from "/Users/nigelmorris/Documents/GitHub/induction/dataconnect": could not find dataconnect.yaml in `/Users/nigelmorris/Documents/GitHub/induction/dataconnect`
 {"metadata":{"emulator":{"name":"dataconnect"},"message":"E0902 17:25:32.107273   68836 watch.go:40] Failed to load config from \"/Users/nigelmorris/Documents/GitHub/induction/dataconnect\": could not find dataconnect.yaml in `/Users/nigelmorris/Documents/GitHub/induction/dataconnect`\n"}}
[debug] [2026-09-02T16:25:42.109Z] E0902 17:25:42.108990   68836 watch.go:40] Failed to load config from "/Users/nigelmorris/Documents/GitHub/induction/dataconnect": could not find dataconnect.yaml in `/Users/nigelmorris/Documents/GitHub/induction/dataconnect`
 {"metadata":{"emulator":{"name":"dataconnect"},"message":"E0902 17:25:42.108990   68836 watch.go:40] Failed to load config from \"/Users/nigelmorris/Documents/GitHub/induction/dataconnect\": could not find dataconnect.yaml in `/Users/nigelmorris/Documents/GitHub/induction/dataconnect`\n"}}
[debug] [2026-09-02T16:25:52.107Z] E0902 17:25:52.107650   68836 watch.go:40] Failed to load config from "/Users/nigelmorris/Documents/GitHub/induction/dataconnect": could not find dataconnect.yaml in `/Users/nigelmorris/Documents/GitHub/induction/dataconnect`
 {"metadata":{"emulator":{"name":"dataconnect"},"message":"E0902 17:25:52.107650   68836 watch.go:40] Failed to load config from \"/Users/nigelmorris/Documents/GitHub/induction/dataconnect\": could not find dataconnect.yaml in `/Users/nigelmorris/Documents/GitHub/induction/dataconnect`\n"}}
[debug] [2026-09-02T16:25:52.108Z] E0902 17:25:52.107631   68836 watch.go:116] watchAllDir unable to walk dir `/Users/nigelmorris/Documents/GitHub/induction/dataconnect`: lstat /Users/nigelmorris/Documents/GitHub/induction/dataconnect: no such file or directory
 {"metadata":{"emulator":{"name":"dataconnect"},"message":"E0902 17:25:52.107631   68836 watch.go:116] watchAllDir unable to walk dir `/Users/nigelmorris/Documents/GitHub/induction/dataconnect`: lstat /Users/nigelmorris/Documents/GitHub/induction/dataconnect: no such file or directory\n"}}
[debug] [2026-09-02T16:26:02.108Z] E0902 17:26:02.108326   68836 watch.go:40] Failed to load config from "/Users/nigelmorris/Documents/GitHub/induction/dataconnect": could not find dataconnect.yaml in `/Users/nigelmorris/Documents/GitHub/induction/dataconnect`
 {"metadata":{"emulator":{"name":"dataconnect"},"message":"E0902 17:26:02.108326   68836 watch.go:40] Failed to load config from \"/Users/nigelmorris/Documents/GitHub/induction/dataconnect\": could not find dataconnect.yaml in `/Users/nigelmorris/Documents/GitHub/induction/dataconnect`\n"}}
[debug] [2026-09-02T16:26:12.109Z] E0902 17:26:12.109426   68836 watch.go:40] Failed to load config from "/Users/nigelmorris/Documents/GitHub/induction/dataconnect": could not find dataconnect.yaml in `/Users/nigelmorris/Documents/GitHub/induction/dataconnect`
 {"metadata":{"emulator":{"name":"dataconnect"},"message":"E0902 17:26:12.109426   68836 watch.go:40] Failed to load config from \"/Users/nigelmorris/Documents/GitHub/induction/dataconnect\": could not find dataconnect.yaml in `/Users/nigelmorris/Documents/GitHub/induction/dataconnect`\n"}}
[debug] [2026-09-02T16:26:22.110Z] E0902 17:26:22.109871   68836 watch.go:40] Failed to load config from "/Users/nigelmorris/Documents/GitHub/induction/dataconnect": could not find dataconnect.yaml in `/Users/nigelmorris/Documents/GitHub/induction/dataconnect`
 {"metadata":{"emulator":{"name":"dataconnect"},"message":"E0902 17:26:22.109871   68836 watch.go:40] Failed to load config from \"/Users/nigelmorris/Documents/GitHub/induction/dataconnect\": could not find dataconnect.yaml in `/Users/nigelmorris/Documents/GitHub/induction/dataconnect`\n"}}
[debug] [2026-09-02T16:26:32.115Z] E0902 17:26:32.114693   68836 watch.go:40] Failed to load config from "/Users/nigelmorris/Documents/GitHub/induction/dataconnect": could not find dataconnect.yaml in `/Users/nigelmorris/Documents/GitHub/induction/dataconnect`
 {"metadata":{"emulator":{"name":"dataconnect"},"message":"E0902 17:26:32.114693   68836 watch.go:40] Failed to load config from \"/Users/nigelmorris/Documents/GitHub/induction/dataconnect\": could not find dataconnect.yaml in `/Users/nigelmorris/Documents/GitHub/induction/dataconnect`\n"}}
[debug] [2026-09-02T16:26:42.113Z] E0902 17:26:42.112717   68836 watch.go:40] Failed to load config from "/Users/nigelmorris/Documents/GitHub/induction/dataconnect": could not find dataconnect.yaml in `/Users/nigelmorris/Documents/GitHub/induction/dataconnect`
 {"metadata":{"emulator":{"name":"dataconnect"},"message":"E0902 17:26:42.112717   68836 watch.go:40] Failed to load config from \"/Users/nigelmorris/Documents/GitHub/induction/dataconnect\": could not find dataconnect.yaml in `/Users/nigelmorris/Documents/GitHub/induction/dataconnect`\n"}}
[debug] [2026-09-02T16:26:52.114Z] E0902 17:26:52.114479   68836 watch.go:40] Failed to load config from "/Users/nigelmorris/Documents/GitHub/induction/dataconnect": could not find dataconnect.yaml in `/Users/nigelmorris/Documents/GitHub/induction/dataconnect`
 {"metadata":{"emulator":{"name":"dataconnect"},"message":"E0902 17:26:52.114479   68836 watch.go:40] Failed to load config from \"/Users/nigelmorris/Documents/GitHub/induction/dataconnect\": could not find dataconnect.yaml in `/Users/nigelmorris/Documents/GitHub/induction/dataconnect`\n"}}
[debug] [2026-09-02T16:26:52.118Z] E0902 17:26:52.112111   68836 watch.go:116] watchAllDir unable to walk dir `/Users/nigelmorris/Documents/GitHub/induction/dataconnect`: lstat /Users/nigelmorris/Documents/GitHub/induction/dataconnect: no such file or directory
 {"metadata":{"emulator":{"name":"dataconnect"},"message":"E0902 17:26:52.112111   68836 watch.go:116] watchAllDir unable to walk dir `/Users/nigelmorris/Documents/GitHub/induction/dataconnect`: lstat /Users/nigelmorris/Documents/GitHub/induction/dataconnect: no such file or directory\n"}}
[debug] [2026-09-02T16:27:02.112Z] E0902 17:27:02.112232   68836 watch.go:40] Failed to load config from "/Users/nigelmorris/Documents/GitHub/induction/dataconnect": could not find dataconnect.yaml in `/Users/nigelmorris/Documents/GitHub/induction/dataconnect`
 {"metadata":{"emulator":{"name":"dataconnect"},"message":"E0902 17:27:02.112232   68836 watch.go:40] Failed to load config from \"/Users/nigelmorris/Documents/GitHub/induction/dataconnect\": could not find dataconnect.yaml in `/Users/nigelmorris/Documents/GitHub/induction/dataconnect`\n"}}
[debug] [2026-09-02T16:27:12.604Z] E0902 17:27:12.589748   68836 watch.go:40] Failed to load config from "/Users/nigelmorris/Documents/GitHub/induction/dataconnect": could not find dataconnect.yaml in `/Users/nigelmorris/Documents/GitHub/induction/dataconnect`
 {"metadata":{"emulator":{"name":"dataconnect"},"message":"E0902 17:27:12.589748   68836 watch.go:40] Failed to load config from \"/Users/nigelmorris/Documents/GitHub/induction/dataconnect\": could not find dataconnect.yaml in `/Users/nigelmorris/Documents/GitHub/induction/dataconnect`\n"}}
[debug] [2026-09-02T16:27:22.189Z] E0902 17:27:22.181846   68836 watch.go:40] Failed to load config from "/Users/nigelmorris/Documents/GitHub/induction/dataconnect": could not find dataconnect.yaml in `/Users/nigelmorris/Documents/GitHub/induction/dataconnect`
 {"metadata":{"emulator":{"name":"dataconnect"},"message":"E0902 17:27:22.181846   68836 watch.go:40] Failed to load config from \"/Users/nigelmorris/Documents/GitHub/induction/dataconnect\": could not find dataconnect.yaml in `/Users/nigelmorris/Documents/GitHub/induction/dataconnect`\n"}}
[debug] [2026-09-02T16:27:32.314Z] E0902 17:27:32.148872   68836 watch.go:40] Failed to load config from "/Users/nigelmorris/Documents/GitHub/induction/dataconnect": could not find dataconnect.yaml in `/Users/nigelmorris/Documents/GitHub/induction/dataconnect`
 {"metadata":{"emulator":{"name":"dataconnect"},"message":"E0902 17:27:32.148872   68836 watch.go:40] Failed to load config from \"/Users/nigelmorris/Documents/GitHub/induction/dataconnect\": could not find dataconnect.yaml in `/Users/nigelmorris/Documents/GitHub/induction/dataconnect`\n"}}
[debug] [2026-09-02T16:27:42.153Z] E0902 17:27:42.143267   68836 watch.go:40] Failed to load config from "/Users/nigelmorris/Documents/GitHub/induction/dataconnect": could not find dataconnect.yaml in `/Users/nigelmorris/Documents/GitHub/induction/dataconnect`
 {"metadata":{"emulator":{"name":"dataconnect"},"message":"E0902 17:27:42.143267   68836 watch.go:40] Failed to load config from \"/Users/nigelmorris/Documents/GitHub/induction/dataconnect\": could not find dataconnect.yaml in `/Users/nigelmorris/Documents/GitHub/induction/dataconnect`\n"}}
[debug] [2026-09-02T16:27:52.202Z] E0902 17:27:52.182226   68836 watch.go:40] Failed to load config from "/Users/nigelmorris/Documents/GitHub/induction/dataconnect": could not find dataconnect.yaml in `/Users/nigelmorris/Documents/GitHub/induction/dataconnect`
 {"metadata":{"emulator":{"name":"dataconnect"},"message":"E0902 17:27:52.182226   68836 watch.go:40] Failed to load config from \"/Users/nigelmorris/Documents/GitHub/induction/dataconnect\": could not find dataconnect.yaml in `/Users/nigelmorris/Documents/GitHub/induction/dataconnect`\n"}}
[debug] [2026-09-02T16:27:52.283Z] E0902 17:27:52.139108   68836 watch.go:116] watchAllDir unable to walk dir `/Users/nigelmorris/Documents/GitHub/induction/dataconnect`: lstat /Users/nigelmorris/Documents/GitHub/induction/dataconnect: no such file or directory
 {"metadata":{"emulator":{"name":"dataconnect"},"message":"E0902 17:27:52.139108   68836 watch.go:116] watchAllDir unable to walk dir `/Users/nigelmorris/Documents/GitHub/induction/dataconnect`: lstat /Users/nigelmorris/Documents/GitHub/induction/dataconnect: no such file or directory\n"}}
[debug] [2026-09-02T16:28:02.112Z] E0902 17:28:02.112017   68836 watch.go:40] Failed to load config from "/Users/nigelmorris/Documents/GitHub/induction/dataconnect": could not find dataconnect.yaml in `/Users/nigelmorris/Documents/GitHub/induction/dataconnect`
 {"metadata":{"emulator":{"name":"dataconnect"},"message":"E0902 17:28:02.112017   68836 watch.go:40] Failed to load config from \"/Users/nigelmorris/Documents/GitHub/induction/dataconnect\": could not find dataconnect.yaml in `/Users/nigelmorris/Documents/GitHub/induction/dataconnect`\n"}}
[debug] [2026-09-02T16:28:12.151Z] E0902 17:28:12.150568   68836 watch.go:40] Failed to load config from "/Users/nigelmorris/Documents/GitHub/induction/dataconnect": could not find dataconnect.yaml in `/Users/nigelmorris/Documents/GitHub/induction/dataconnect`
 {"metadata":{"emulator":{"name":"dataconnect"},"message":"E0902 17:28:12.150568   68836 watch.go:40] Failed to load config from \"/Users/nigelmorris/Documents/GitHub/induction/dataconnect\": could not find dataconnect.yaml in `/Users/nigelmorris/Documents/GitHub/induction/dataconnect`\n"}}
[debug] [2026-09-02T16:28:22.192Z] E0902 17:28:22.191812   68836 watch.go:40] Failed to load config from "/Users/nigelmorris/Documents/GitHub/induction/dataconnect": could not find dataconnect.yaml in `/Users/nigelmorris/Documents/GitHub/induction/dataconnect`
 {"metadata":{"emulator":{"name":"dataconnect"},"message":"E0902 17:28:22.191812   68836 watch.go:40] Failed to load config from \"/Users/nigelmorris/Documents/GitHub/induction/dataconnect\": could not find dataconnect.yaml in `/Users/nigelmorris/Documents/GitHub/induction/dataconnect`\n"}}
[debug] [2026-09-02T16:28:32.114Z] E0902 17:28:32.113627   68836 watch.go:40] Failed to load config from "/Users/nigelmorris/Documents/GitHub/induction/dataconnect": could not find dataconnect.yaml in `/Users/nigelmorris/Documents/GitHub/induction/dataconnect`
 {"metadata":{"emulator":{"name":"dataconnect"},"message":"E0902 17:28:32.113627   68836 watch.go:40] Failed to load config from \"/Users/nigelmorris/Documents/GitHub/induction/dataconnect\": could not find dataconnect.yaml in `/Users/nigelmorris/Documents/GitHub/induction/dataconnect`\n"}}
[debug] [2026-09-02T16:28:42.117Z] E0902 17:28:42.117442   68836 watch.go:40] Failed to load config from "/Users/nigelmorris/Documents/GitHub/induction/dataconnect": could not find dataconnect.yaml in `/Users/nigelmorris/Documents/GitHub/induction/dataconnect`
 {"metadata":{"emulator":{"name":"dataconnect"},"message":"E0902 17:28:42.117442   68836 watch.go:40] Failed to load config from \"/Users/nigelmorris/Documents/GitHub/induction/dataconnect\": could not find dataconnect.yaml in `/Users/nigelmorris/Documents/GitHub/induction/dataconnect`\n"}}
[debug] [2026-09-02T16:28:52.123Z] E0902 17:28:52.123136   68836 watch.go:40] Failed to load config from "/Users/nigelmorris/Documents/GitHub/induction/dataconnect": could not find dataconnect.yaml in `/Users/nigelmorris/Documents/GitHub/induction/dataconnect`
 {"metadata":{"emulator":{"name":"dataconnect"},"message":"E0902 17:28:52.123136   68836 watch.go:40] Failed to load config from \"/Users/nigelmorris/Documents/GitHub/induction/dataconnect\": could not find dataconnect.yaml in `/Users/nigelmorris/Documents/GitHub/induction/dataconnect`\n"}}
[debug] [2026-09-02T16:28:52.126Z] E0902 17:28:52.122812   68836 watch.go:116] watchAllDir unable to walk dir `/Users/nigelmorris/Documents/GitHub/induction/dataconnect`: lstat /Users/nigelmorris/Documents/GitHub/induction/dataconnect: no such file or directory
 {"metadata":{"emulator":{"name":"dataconnect"},"message":"E0902 17:28:52.122812   68836 watch.go:116] watchAllDir unable to walk dir `/Users/nigelmorris/Documents/GitHub/induction/dataconnect`: lstat /Users/nigelmorris/Documents/GitHub/induction/dataconnect: no such file or directory\n"}}
[debug] [2026-09-02T16:29:02.222Z] E0902 17:29:02.221952   68836 watch.go:40] Failed to load config from "/Users/nigelmorris/Documents/GitHub/induction/dataconnect": could not find dataconnect.yaml in `/Users/nigelmorris/Documents/GitHub/induction/dataconnect`
 {"metadata":{"emulator":{"name":"dataconnect"},"message":"E0902 17:29:02.221952   68836 watch.go:40] Failed to load config from \"/Users/nigelmorris/Documents/GitHub/induction/dataconnect\": could not find dataconnect.yaml in `/Users/nigelmorris/Documents/GitHub/induction/dataconnect`\n"}}
[debug] [2026-09-02T16:29:12.122Z] E0902 17:29:12.118750   68836 watch.go:40] Failed to load config from "/Users/nigelmorris/Documents/GitHub/induction/dataconnect": could not find dataconnect.yaml in `/Users/nigelmorris/Documents/GitHub/induction/dataconnect`
 {"metadata":{"emulator":{"name":"dataconnect"},"message":"E0902 17:29:12.118750   68836 watch.go:40] Failed to load config from \"/Users/nigelmorris/Documents/GitHub/induction/dataconnect\": could not find dataconnect.yaml in `/Users/nigelmorris/Documents/GitHub/induction/dataconnect`\n"}}
[debug] [2026-09-02T16:29:22.127Z] E0902 17:29:22.126657   68836 watch.go:40] Failed to load config from "/Users/nigelmorris/Documents/GitHub/induction/dataconnect": could not find dataconnect.yaml in `/Users/nigelmorris/Documents/GitHub/induction/dataconnect`
 {"metadata":{"emulator":{"name":"dataconnect"},"message":"E0902 17:29:22.126657   68836 watch.go:40] Failed to load config from \"/Users/nigelmorris/Documents/GitHub/induction/dataconnect\": could not find dataconnect.yaml in `/Users/nigelmorris/Documents/GitHub/induction/dataconnect`\n"}}
[debug] [2026-09-02T16:29:32.115Z] E0902 17:29:32.115302   68836 watch.go:40] Failed to load config from "/Users/nigelmorris/Documents/GitHub/induction/dataconnect": could not find dataconnect.yaml in `/Users/nigelmorris/Documents/GitHub/induction/dataconnect`
 {"metadata":{"emulator":{"name":"dataconnect"},"message":"E0902 17:29:32.115302   68836 watch.go:40] Failed to load config from \"/Users/nigelmorris/Documents/GitHub/induction/dataconnect\": could not find dataconnect.yaml in `/Users/nigelmorris/Documents/GitHub/induction/dataconnect`\n"}}
[debug] [2026-09-02T16:29:42.125Z] E0902 17:29:42.122885   68836 watch.go:40] Failed to load config from "/Users/nigelmorris/Documents/GitHub/induction/dataconnect": could not find dataconnect.yaml in `/Users/nigelmorris/Documents/GitHub/induction/dataconnect`
 {"metadata":{"emulator":{"name":"dataconnect"},"message":"E0902 17:29:42.122885   68836 watch.go:40] Failed to load config from \"/Users/nigelmorris/Documents/GitHub/induction/dataconnect\": could not find dataconnect.yaml in `/Users/nigelmorris/Documents/GitHub/induction/dataconnect`\n"}}
[debug] [2026-09-02T16:29:52.116Z] E0902 17:29:52.115790   68836 watch.go:40] Failed to load config from "/Users/nigelmorris/Documents/GitHub/induction/dataconnect": could not find dataconnect.yaml in `/Users/nigelmorris/Documents/GitHub/induction/dataconnect`
E0902 17:29:52.115604   68836 watch.go:116] watchAllDir unable to walk dir `/Users/nigelmorris/Documents/GitHub/induction/dataconnect`: lstat /Users/nigelmorris/Documents/GitHub/induction/dataconnect: no such file or directory
 {"metadata":{"emulator":{"name":"dataconnect"},"message":"E0902 17:29:52.115790   68836 watch.go:40] Failed to load config from \"/Users/nigelmorris/Documents/GitHub/induction/dataconnect\": could not find dataconnect.yaml in `/Users/nigelmorris/Documents/GitHub/induction/dataconnect`\nE0902 17:29:52.115604   68836 watch.go:116] watchAllDir unable to walk dir `/Users/nigelmorris/Documents/GitHub/induction/dataconnect`: lstat /Users/nigelmorris/Documents/GitHub/induction/dataconnect: no such file or directory\n"}}
[debug] [2026-09-02T16:30:02.223Z] E0902 17:30:02.222055   68836 watch.go:40] Failed to load config from "/Users/nigelmorris/Documents/GitHub/induction/dataconnect": could not find dataconnect.yaml in `/Users/nigelmorris/Documents/GitHub/induction/dataconnect`
 {"metadata":{"emulator":{"name":"dataconnect"},"message":"E0902 17:30:02.222055   68836 watch.go:40] Failed to load config from \"/Users/nigelmorris/Documents/GitHub/induction/dataconnect\": could not find dataconnect.yaml in `/Users/nigelmorris/Documents/GitHub/induction/dataconnect`\n"}}
[debug] [2026-09-02T16:30:12.171Z] E0902 17:30:12.170468   68836 watch.go:40] Failed to load config from "/Users/nigelmorris/Documents/GitHub/induction/dataconnect": could not find dataconnect.yaml in `/Users/nigelmorris/Documents/GitHub/induction/dataconnect`
 {"metadata":{"emulator":{"name":"dataconnect"},"message":"E0902 17:30:12.170468   68836 watch.go:40] Failed to load config from \"/Users/nigelmorris/Documents/GitHub/induction/dataconnect\": could not find dataconnect.yaml in `/Users/nigelmorris/Documents/GitHub/induction/dataconnect`\n"}}
[debug] [2026-09-02T16:30:22.119Z] E0902 17:30:22.118631   68836 watch.go:40] Failed to load config from "/Users/nigelmorris/Documents/GitHub/induction/dataconnect": could not find dataconnect.yaml in `/Users/nigelmorris/Documents/GitHub/induction/dataconnect`
 {"metadata":{"emulator":{"name":"dataconnect"},"message":"E0902 17:30:22.118631   68836 watch.go:40] Failed to load config from \"/Users/nigelmorris/Documents/GitHub/induction/dataconnect\": could not find dataconnect.yaml in `/Users/nigelmorris/Documents/GitHub/induction/dataconnect`\n"}}
[debug] [2026-09-02T16:30:32.119Z] E0902 17:30:32.118672   68836 watch.go:40] Failed to load config from "/Users/nigelmorris/Documents/GitHub/induction/dataconnect": could not find dataconnect.yaml in `/Users/nigelmorris/Documents/GitHub/induction/dataconnect`
 {"metadata":{"emulator":{"name":"dataconnect"},"message":"E0902 17:30:32.118672   68836 watch.go:40] Failed to load config from \"/Users/nigelmorris/Documents/GitHub/induction/dataconnect\": could not find dataconnect.yaml in `/Users/nigelmorris/Documents/GitHub/induction/dataconnect`\n"}}
[debug] [2026-09-02T16:30:42.118Z] E0902 17:30:42.118318   68836 watch.go:40] Failed to load config from "/Users/nigelmorris/Documents/GitHub/induction/dataconnect": could not find dataconnect.yaml in `/Users/nigelmorris/Documents/GitHub/induction/dataconnect`
 {"metadata":{"emulator":{"name":"dataconnect"},"message":"E0902 17:30:42.118318   68836 watch.go:40] Failed to load config from \"/Users/nigelmorris/Documents/GitHub/induction/dataconnect\": could not find dataconnect.yaml in `/Users/nigelmorris/Documents/GitHub/induction/dataconnect`\n"}}
[debug] [2026-09-02T16:30:52.118Z] E0902 17:30:52.117789   68836 watch.go:40] Failed to load config from "/Users/nigelmorris/Documents/GitHub/induction/dataconnect": could not find dataconnect.yaml in `/Users/nigelmorris/Documents/GitHub/induction/dataconnect`
E0902 17:30:52.117342   68836 watch.go:116] watchAllDir unable to walk dir `/Users/nigelmorris/Documents/GitHub/induction/dataconnect`: lstat /Users/nigelmorris/Documents/GitHub/induction/dataconnect: no such file or directory
 {"metadata":{"emulator":{"name":"dataconnect"},"message":"E0902 17:30:52.117789   68836 watch.go:40] Failed to load config from \"/Users/nigelmorris/Documents/GitHub/induction/dataconnect\": could not find dataconnect.yaml in `/Users/nigelmorris/Documents/GitHub/induction/dataconnect`\nE0902 17:30:52.117342   68836 watch.go:116] watchAllDir unable to walk dir `/Users/nigelmorris/Documents/GitHub/induction/dataconnect`: lstat /Users/nigelmorris/Documents/GitHub/induction/dataconnect: no such file or directory\n"}}
[debug] [2026-09-02T16:31:02.118Z] E0902 17:31:02.117936   68836 watch.go:40] Failed to load config from "/Users/nigelmorris/Documents/GitHub/induction/dataconnect": could not find dataconnect.yaml in `/Users/nigelmorris/Documents/GitHub/induction/dataconnect`
 {"metadata":{"emulator":{"name":"dataconnect"},"message":"E0902 17:31:02.117936   68836 watch.go:40] Failed to load config from \"/Users/nigelmorris/Documents/GitHub/induction/dataconnect\": could not find dataconnect.yaml in `/Users/nigelmorris/Documents/GitHub/induction/dataconnect`\n"}}
[debug] [2026-09-02T16:31:12.118Z] E0902 17:31:12.118231   68836 watch.go:40] Failed to load config from "/Users/nigelmorris/Documents/GitHub/induction/dataconnect": could not find dataconnect.yaml in `/Users/nigelmorris/Documents/GitHub/induction/dataconnect`
 {"metadata":{"emulator":{"name":"dataconnect"},"message":"E0902 17:31:12.118231   68836 watch.go:40] Failed to load config from \"/Users/nigelmorris/Documents/GitHub/induction/dataconnect\": could not find dataconnect.yaml in `/Users/nigelmorris/Documents/GitHub/induction/dataconnect`\n"}}
[debug] [2026-09-02T16:31:22.119Z] E0902 17:31:22.118998   68836 watch.go:40] Failed to load config from "/Users/nigelmorris/Documents/GitHub/induction/dataconnect": could not find dataconnect.yaml in `/Users/nigelmorris/Documents/GitHub/induction/dataconnect`
 {"metadata":{"emulator":{"name":"dataconnect"},"message":"E0902 17:31:22.118998   68836 watch.go:40] Failed to load config from \"/Users/nigelmorris/Documents/GitHub/induction/dataconnect\": could not find dataconnect.yaml in `/Users/nigelmorris/Documents/GitHub/induction/dataconnect`\n"}}
[debug] [2026-09-02T16:31:32.118Z] E0902 17:31:32.117765   68836 watch.go:40] Failed to load config from "/Users/nigelmorris/Documents/GitHub/induction/dataconnect": could not find dataconnect.yaml in `/Users/nigelmorris/Documents/GitHub/induction/dataconnect`
 {"metadata":{"emulator":{"name":"dataconnect"},"message":"E0902 17:31:32.117765   68836 watch.go:40] Failed to load config from \"/Users/nigelmorris/Documents/GitHub/induction/dataconnect\": could not find dataconnect.yaml in `/Users/nigelmorris/Documents/GitHub/induction/dataconnect`\n"}}
[debug] [2026-09-02T16:31:42.119Z] E0902 17:31:42.119140   68836 watch.go:40] Failed to load config from "/Users/nigelmorris/Documents/GitHub/induction/dataconnect": could not find dataconnect.yaml in `/Users/nigelmorris/Documents/GitHub/induction/dataconnect`
 {"metadata":{"emulator":{"name":"dataconnect"},"message":"E0902 17:31:42.119140   68836 watch.go:40] Failed to load config from \"/Users/nigelmorris/Documents/GitHub/induction/dataconnect\": could not find dataconnect.yaml in `/Users/nigelmorris/Documents/GitHub/induction/dataconnect`\n"}}
[debug] [2026-09-02T16:31:52.119Z] E0902 17:31:52.119384   68836 watch.go:40] Failed to load config from "/Users/nigelmorris/Documents/GitHub/induction/dataconnect": could not find dataconnect.yaml in `/Users/nigelmorris/Documents/GitHub/induction/dataconnect`
E0902 17:31:52.119208   68836 watch.go:116] watchAllDir unable to walk dir `/Users/nigelmorris/Documents/GitHub/induction/dataconnect`: lstat /Users/nigelmorris/Documents/GitHub/induction/dataconnect: no such file or directory
 {"metadata":{"emulator":{"name":"dataconnect"},"message":"E0902 17:31:52.119384   68836 watch.go:40] Failed to load config from \"/Users/nigelmorris/Documents/GitHub/induction/dataconnect\": could not find dataconnect.yaml in `/Users/nigelmorris/Documents/GitHub/induction/dataconnect`\nE0902 17:31:52.119208   68836 watch.go:116] watchAllDir unable to walk dir `/Users/nigelmorris/Documents/GitHub/induction/dataconnect`: lstat /Users/nigelmorris/Documents/GitHub/induction/dataconnect: no such file or directory\n"}}
[debug] [2026-09-02T16:32:02.168Z] E0902 17:32:02.168250   68836 watch.go:40] Failed to load config from "/Users/nigelmorris/Documents/GitHub/induction/dataconnect": could not find dataconnect.yaml in `/Users/nigelmorris/Documents/GitHub/induction/dataconnect`
 {"metadata":{"emulator":{"name":"dataconnect"},"message":"E0902 17:32:02.168250   68836 watch.go:40] Failed to load config from \"/Users/nigelmorris/Documents/GitHub/induction/dataconnect\": could not find dataconnect.yaml in `/Users/nigelmorris/Documents/GitHub/induction/dataconnect`\n"}}
[debug] [2026-09-02T16:32:12.120Z] E0902 17:32:12.119827   68836 watch.go:40] Failed to load config from "/Users/nigelmorris/Documents/GitHub/induction/dataconnect": could not find dataconnect.yaml in `/Users/nigelmorris/Documents/GitHub/induction/dataconnect`
 {"metadata":{"emulator":{"name":"dataconnect"},"message":"E0902 17:32:12.119827   68836 watch.go:40] Failed to load config from \"/Users/nigelmorris/Documents/GitHub/induction/dataconnect\": could not find dataconnect.yaml in `/Users/nigelmorris/Documents/GitHub/induction/dataconnect`\n"}}
[debug] [2026-09-02T16:32:22.121Z] E0902 17:32:22.120418   68836 watch.go:40] Failed to load config from "/Users/nigelmorris/Documents/GitHub/induction/dataconnect": could not find dataconnect.yaml in `/Users/nigelmorris/Documents/GitHub/induction/dataconnect`
 {"metadata":{"emulator":{"name":"dataconnect"},"message":"E0902 17:32:22.120418   68836 watch.go:40] Failed to load config from \"/Users/nigelmorris/Documents/GitHub/induction/dataconnect\": could not find dataconnect.yaml in `/Users/nigelmorris/Documents/GitHub/induction/dataconnect`\n"}}
[debug] [2026-09-02T16:32:32.120Z] E0902 17:32:32.120262   68836 watch.go:40] Failed to load config from "/Users/nigelmorris/Documents/GitHub/induction/dataconnect": could not find dataconnect.yaml in `/Users/nigelmorris/Documents/GitHub/induction/dataconnect`
 {"metadata":{"emulator":{"name":"dataconnect"},"message":"E0902 17:32:32.120262   68836 watch.go:40] Failed to load config from \"/Users/nigelmorris/Documents/GitHub/induction/dataconnect\": could not find dataconnect.yaml in `/Users/nigelmorris/Documents/GitHub/induction/dataconnect`\n"}}
[debug] [2026-09-02T16:32:42.120Z] E0902 17:32:42.120497   68836 watch.go:40] Failed to load config from "/Users/nigelmorris/Documents/GitHub/induction/dataconnect": could not find dataconnect.yaml in `/Users/nigelmorris/Documents/GitHub/induction/dataconnect`
 {"metadata":{"emulator":{"name":"dataconnect"},"message":"E0902 17:32:42.120497   68836 watch.go:40] Failed to load config from \"/Users/nigelmorris/Documents/GitHub/induction/dataconnect\": could not find dataconnect.yaml in `/Users/nigelmorris/Documents/GitHub/induction/dataconnect`\n"}}
[debug] [2026-09-02T16:32:52.122Z] E0902 17:32:52.121743   68836 watch.go:40] Failed to load config from "/Users/nigelmorris/Documents/GitHub/induction/dataconnect": could not find dataconnect.yaml in `/Users/nigelmorris/Documents/GitHub/induction/dataconnect`
 {"metadata":{"emulator":{"name":"dataconnect"},"message":"E0902 17:32:52.121743   68836 watch.go:40] Failed to load config from \"/Users/nigelmorris/Documents/GitHub/induction/dataconnect\": could not find dataconnect.yaml in `/Users/nigelmorris/Documents/GitHub/induction/dataconnect`\n"}}
[debug] [2026-09-02T16:32:52.123Z] E0902 17:32:52.122579   68836 watch.go:116] watchAllDir unable to walk dir `/Users/nigelmorris/Documents/GitHub/induction/dataconnect`: lstat /Users/nigelmorris/Documents/GitHub/induction/dataconnect: no such file or directory
 {"metadata":{"emulator":{"name":"dataconnect"},"message":"E0902 17:32:52.122579   68836 watch.go:116] watchAllDir unable to walk dir `/Users/nigelmorris/Documents/GitHub/induction/dataconnect`: lstat /Users/nigelmorris/Documents/GitHub/induction/dataconnect: no such file or directory\n"}}
[debug] [2026-09-02T16:33:02.121Z] E0902 17:33:02.121246   68836 watch.go:40] Failed to load config from "/Users/nigelmorris/Documents/GitHub/induction/dataconnect": could not find dataconnect.yaml in `/Users/nigelmorris/Documents/GitHub/induction/dataconnect`
 {"metadata":{"emulator":{"name":"dataconnect"},"message":"E0902 17:33:02.121246   68836 watch.go:40] Failed to load config from \"/Users/nigelmorris/Documents/GitHub/induction/dataconnect\": could not find dataconnect.yaml in `/Users/nigelmorris/Documents/GitHub/induction/dataconnect`\n"}}
[debug] [2026-09-02T16:33:12.121Z] E0902 17:33:12.121253   68836 watch.go:40] Failed to load config from "/Users/nigelmorris/Documents/GitHub/induction/dataconnect": could not find dataconnect.yaml in `/Users/nigelmorris/Documents/GitHub/induction/dataconnect`
 {"metadata":{"emulator":{"name":"dataconnect"},"message":"E0902 17:33:12.121253   68836 watch.go:40] Failed to load config from \"/Users/nigelmorris/Documents/GitHub/induction/dataconnect\": could not find dataconnect.yaml in `/Users/nigelmorris/Documents/GitHub/induction/dataconnect`\n"}}
[debug] [2026-09-02T16:33:22.121Z] E0902 17:33:22.121640   68836 watch.go:40] Failed to load config from "/Users/nigelmorris/Documents/GitHub/induction/dataconnect": could not find dataconnect.yaml in `/Users/nigelmorris/Documents/GitHub/induction/dataconnect`
 {"metadata":{"emulator":{"name":"dataconnect"},"message":"E0902 17:33:22.121640   68836 watch.go:40] Failed to load config from \"/Users/nigelmorris/Documents/GitHub/induction/dataconnect\": could not find dataconnect.yaml in `/Users/nigelmorris/Documents/GitHub/induction/dataconnect`\n"}}
[debug] [2026-09-02T16:33:32.130Z] E0902 17:33:32.122518   68836 watch.go:40] Failed to load config from "/Users/nigelmorris/Documents/GitHub/induction/dataconnect": could not find dataconnect.yaml in `/Users/nigelmorris/Documents/GitHub/induction/dataconnect`
 {"metadata":{"emulator":{"name":"dataconnect"},"message":"E0902 17:33:32.122518   68836 watch.go:40] Failed to load config from \"/Users/nigelmorris/Documents/GitHub/induction/dataconnect\": could not find dataconnect.yaml in `/Users/nigelmorris/Documents/GitHub/induction/dataconnect`\n"}}
[debug] [2026-09-02T16:33:42.122Z] E0902 17:33:42.122344   68836 watch.go:40] Failed to load config from "/Users/nigelmorris/Documents/GitHub/induction/dataconnect": could not find dataconnect.yaml in `/Users/nigelmorris/Documents/GitHub/induction/dataconnect`
 {"metadata":{"emulator":{"name":"dataconnect"},"message":"E0902 17:33:42.122344   68836 watch.go:40] Failed to load config from \"/Users/nigelmorris/Documents/GitHub/induction/dataconnect\": could not find dataconnect.yaml in `/Users/nigelmorris/Documents/GitHub/induction/dataconnect`\n"}}
[debug] [2026-09-02T16:33:52.125Z] E0902 17:33:52.124065   68836 watch.go:40] Failed to load config from "/Users/nigelmorris/Documents/GitHub/induction/dataconnect": could not find dataconnect.yaml in `/Users/nigelmorris/Documents/GitHub/induction/dataconnect`
 {"metadata":{"emulator":{"name":"dataconnect"},"message":"E0902 17:33:52.124065   68836 watch.go:40] Failed to load config from \"/Users/nigelmorris/Documents/GitHub/induction/dataconnect\": could not find dataconnect.yaml in `/Users/nigelmorris/Documents/GitHub/induction/dataconnect`\n"}}
[debug] [2026-09-02T16:33:52.126Z] E0902 17:33:52.123679   68836 watch.go:116] watchAllDir unable to walk dir `/Users/nigelmorris/Documents/GitHub/induction/dataconnect`: lstat /Users/nigelmorris/Documents/GitHub/induction/dataconnect: no such file or directory
 {"metadata":{"emulator":{"name":"dataconnect"},"message":"E0902 17:33:52.123679   68836 watch.go:116] watchAllDir unable to walk dir `/Users/nigelmorris/Documents/GitHub/induction/dataconnect`: lstat /Users/nigelmorris/Documents/GitHub/induction/dataconnect: no such file or directory\n"}}
[debug] [2026-09-02T16:34:02.127Z] E0902 17:34:02.126903   68836 watch.go:40] Failed to load config from "/Users/nigelmorris/Documents/GitHub/induction/dataconnect": could not find dataconnect.yaml in `/Users/nigelmorris/Documents/GitHub/induction/dataconnect`
 {"metadata":{"emulator":{"name":"dataconnect"},"message":"E0902 17:34:02.126903   68836 watch.go:40] Failed to load config from \"/Users/nigelmorris/Documents/GitHub/induction/dataconnect\": could not find dataconnect.yaml in `/Users/nigelmorris/Documents/GitHub/induction/dataconnect`\n"}}
[debug] [2026-09-02T16:34:12.124Z] E0902 17:34:12.123608   68836 watch.go:40] Failed to load config from "/Users/nigelmorris/Documents/GitHub/induction/dataconnect": could not find dataconnect.yaml in `/Users/nigelmorris/Documents/GitHub/induction/dataconnect`
 {"metadata":{"emulator":{"name":"dataconnect"},"message":"E0902 17:34:12.123608   68836 watch.go:40] Failed to load config from \"/Users/nigelmorris/Documents/GitHub/induction/dataconnect\": could not find dataconnect.yaml in `/Users/nigelmorris/Documents/GitHub/induction/dataconnect`\n"}}
[debug] [2026-09-02T16:34:22.123Z] E0902 17:34:22.123372   68836 watch.go:40] Failed to load config from "/Users/nigelmorris/Documents/GitHub/induction/dataconnect": could not find dataconnect.yaml in `/Users/nigelmorris/Documents/GitHub/induction/dataconnect`
 {"metadata":{"emulator":{"name":"dataconnect"},"message":"E0902 17:34:22.123372   68836 watch.go:40] Failed to load config from \"/Users/nigelmorris/Documents/GitHub/induction/dataconnect\": could not find dataconnect.yaml in `/Users/nigelmorris/Documents/GitHub/induction/dataconnect`\n"}}
[debug] [2026-09-02T16:34:32.124Z] E0902 17:34:32.124040   68836 watch.go:40] Failed to load config from "/Users/nigelmorris/Documents/GitHub/induction/dataconnect": could not find dataconnect.yaml in `/Users/nigelmorris/Documents/GitHub/induction/dataconnect`
 {"metadata":{"emulator":{"name":"dataconnect"},"message":"E0902 17:34:32.124040   68836 watch.go:40] Failed to load config from \"/Users/nigelmorris/Documents/GitHub/induction/dataconnect\": could not find dataconnect.yaml in `/Users/nigelmorris/Documents/GitHub/induction/dataconnect`\n"}}
[debug] [2026-09-02T16:34:42.205Z] E0902 17:34:42.204681   68836 watch.go:40] Failed to load config from "/Users/nigelmorris/Documents/GitHub/induction/dataconnect": could not find dataconnect.yaml in `/Users/nigelmorris/Documents/GitHub/induction/dataconnect`
 {"metadata":{"emulator":{"name":"dataconnect"},"message":"E0902 17:34:42.204681   68836 watch.go:40] Failed to load config from \"/Users/nigelmorris/Documents/GitHub/induction/dataconnect\": could not find dataconnect.yaml in `/Users/nigelmorris/Documents/GitHub/induction/dataconnect`\n"}}
[debug] [2026-09-02T16:34:52.202Z] E0902 17:34:52.201162   68836 watch.go:40] Failed to load config from "/Users/nigelmorris/Documents/GitHub/induction/dataconnect": could not find dataconnect.yaml in `/Users/nigelmorris/Documents/GitHub/induction/dataconnect`
 {"metadata":{"emulator":{"name":"dataconnect"},"message":"E0902 17:34:52.201162   68836 watch.go:40] Failed to load config from \"/Users/nigelmorris/Documents/GitHub/induction/dataconnect\": could not find dataconnect.yaml in `/Users/nigelmorris/Documents/GitHub/induction/dataconnect`\n"}}
[debug] [2026-09-02T16:34:52.207Z] E0902 17:34:52.200639   68836 watch.go:116] watchAllDir unable to walk dir `/Users/nigelmorris/Documents/GitHub/induction/dataconnect`: lstat /Users/nigelmorris/Documents/GitHub/induction/dataconnect: no such file or directory
 {"metadata":{"emulator":{"name":"dataconnect"},"message":"E0902 17:34:52.200639   68836 watch.go:116] watchAllDir unable to walk dir `/Users/nigelmorris/Documents/GitHub/induction/dataconnect`: lstat /Users/nigelmorris/Documents/GitHub/induction/dataconnect: no such file or directory\n"}}
[debug] [2026-09-02T16:35:02.202Z] E0902 17:35:02.201995   68836 watch.go:40] Failed to load config from "/Users/nigelmorris/Documents/GitHub/induction/dataconnect": could not find dataconnect.yaml in `/Users/nigelmorris/Documents/GitHub/induction/dataconnect`
 {"metadata":{"emulator":{"name":"dataconnect"},"message":"E0902 17:35:02.201995   68836 watch.go:40] Failed to load config from \"/Users/nigelmorris/Documents/GitHub/induction/dataconnect\": could not find dataconnect.yaml in `/Users/nigelmorris/Documents/GitHub/induction/dataconnect`\n"}}
[debug] [2026-09-02T16:35:12.260Z] E0902 17:35:12.259103   68836 watch.go:40] Failed to load config from "/Users/nigelmorris/Documents/GitHub/induction/dataconnect": could not find dataconnect.yaml in `/Users/nigelmorris/Documents/GitHub/induction/dataconnect`
 {"metadata":{"emulator":{"name":"dataconnect"},"message":"E0902 17:35:12.259103   68836 watch.go:40] Failed to load config from \"/Users/nigelmorris/Documents/GitHub/induction/dataconnect\": could not find dataconnect.yaml in `/Users/nigelmorris/Documents/GitHub/induction/dataconnect`\n"}}
[debug] [2026-09-02T16:35:22.211Z] E0902 17:35:22.210143   68836 watch.go:40] Failed to load config from "/Users/nigelmorris/Documents/GitHub/induction/dataconnect": could not find dataconnect.yaml in `/Users/nigelmorris/Documents/GitHub/induction/dataconnect`
 {"metadata":{"emulator":{"name":"dataconnect"},"message":"E0902 17:35:22.210143   68836 watch.go:40] Failed to load config from \"/Users/nigelmorris/Documents/GitHub/induction/dataconnect\": could not find dataconnect.yaml in `/Users/nigelmorris/Documents/GitHub/induction/dataconnect`\n"}}
[debug] [2026-09-02T16:35:32.201Z] E0902 17:35:32.201610   68836 watch.go:40] Failed to load config from "/Users/nigelmorris/Documents/GitHub/induction/dataconnect": could not find dataconnect.yaml in `/Users/nigelmorris/Documents/GitHub/induction/dataconnect`
 {"metadata":{"emulator":{"name":"dataconnect"},"message":"E0902 17:35:32.201610   68836 watch.go:40] Failed to load config from \"/Users/nigelmorris/Documents/GitHub/induction/dataconnect\": could not find dataconnect.yaml in `/Users/nigelmorris/Documents/GitHub/induction/dataconnect`\n"}}
[debug] [2026-09-02T16:35:42.203Z] E0902 17:35:42.202629   68836 watch.go:40] Failed to load config from "/Users/nigelmorris/Documents/GitHub/induction/dataconnect": could not find dataconnect.yaml in `/Users/nigelmorris/Documents/GitHub/induction/dataconnect`
 {"metadata":{"emulator":{"name":"dataconnect"},"message":"E0902 17:35:42.202629   68836 watch.go:40] Failed to load config from \"/Users/nigelmorris/Documents/GitHub/induction/dataconnect\": could not find dataconnect.yaml in `/Users/nigelmorris/Documents/GitHub/induction/dataconnect`\n"}}
[debug] [2026-09-02T16:35:52.202Z] E0902 17:35:52.202142   68836 watch.go:116] watchAllDir unable to walk dir `/Users/nigelmorris/Documents/GitHub/induction/dataconnect`: lstat /Users/nigelmorris/Documents/GitHub/induction/dataconnect: no such file or directory
E0902 17:35:52.202210   68836 watch.go:40] Failed to load config from "/Users/nigelmorris/Documents/GitHub/induction/dataconnect": could not find dataconnect.yaml in `/Users/nigelmorris/Documents/GitHub/induction/dataconnect`
 {"metadata":{"emulator":{"name":"dataconnect"},"message":"E0902 17:35:52.202142   68836 watch.go:116] watchAllDir unable to walk dir `/Users/nigelmorris/Documents/GitHub/induction/dataconnect`: lstat /Users/nigelmorris/Documents/GitHub/induction/dataconnect: no such file or directory\nE0902 17:35:52.202210   68836 watch.go:40] Failed to load config from \"/Users/nigelmorris/Documents/GitHub/induction/dataconnect\": could not find dataconnect.yaml in `/Users/nigelmorris/Documents/GitHub/induction/dataconnect`\n"}}
[debug] [2026-09-02T16:36:02.202Z] E0902 17:36:02.202385   68836 watch.go:40] Failed to load config from "/Users/nigelmorris/Documents/GitHub/induction/dataconnect": could not find dataconnect.yaml in `/Users/nigelmorris/Documents/GitHub/induction/dataconnect`
 {"metadata":{"emulator":{"name":"dataconnect"},"message":"E0902 17:36:02.202385   68836 watch.go:40] Failed to load config from \"/Users/nigelmorris/Documents/GitHub/induction/dataconnect\": could not find dataconnect.yaml in `/Users/nigelmorris/Documents/GitHub/induction/dataconnect`\n"}}
[debug] [2026-09-02T16:36:12.205Z] E0902 17:36:12.204661   68836 watch.go:40] Failed to load config from "/Users/nigelmorris/Documents/GitHub/induction/dataconnect": could not find dataconnect.yaml in `/Users/nigelmorris/Documents/GitHub/induction/dataconnect`
 {"metadata":{"emulator":{"name":"dataconnect"},"message":"E0902 17:36:12.204661   68836 watch.go:40] Failed to load config from \"/Users/nigelmorris/Documents/GitHub/induction/dataconnect\": could not find dataconnect.yaml in `/Users/nigelmorris/Documents/GitHub/induction/dataconnect`\n"}}
[debug] [2026-09-02T16:36:22.203Z] E0902 17:36:22.203430   68836 watch.go:40] Failed to load config from "/Users/nigelmorris/Documents/GitHub/induction/dataconnect": could not find dataconnect.yaml in `/Users/nigelmorris/Documents/GitHub/induction/dataconnect`
 {"metadata":{"emulator":{"name":"dataconnect"},"message":"E0902 17:36:22.203430   68836 watch.go:40] Failed to load config from \"/Users/nigelmorris/Documents/GitHub/induction/dataconnect\": could not find dataconnect.yaml in `/Users/nigelmorris/Documents/GitHub/induction/dataconnect`\n"}}
[debug] [2026-09-02T16:36:32.205Z] E0902 17:36:32.204535   68836 watch.go:40] Failed to load config from "/Users/nigelmorris/Documents/GitHub/induction/dataconnect": could not find dataconnect.yaml in `/Users/nigelmorris/Documents/GitHub/induction/dataconnect`
 {"metadata":{"emulator":{"name":"dataconnect"},"message":"E0902 17:36:32.204535   68836 watch.go:40] Failed to load config from \"/Users/nigelmorris/Documents/GitHub/induction/dataconnect\": could not find dataconnect.yaml in `/Users/nigelmorris/Documents/GitHub/induction/dataconnect`\n"}}
[debug] [2026-09-02T16:36:42.204Z] E0902 17:36:42.204004   68836 watch.go:40] Failed to load config from "/Users/nigelmorris/Documents/GitHub/induction/dataconnect": could not find dataconnect.yaml in `/Users/nigelmorris/Documents/GitHub/induction/dataconnect`
 {"metadata":{"emulator":{"name":"dataconnect"},"message":"E0902 17:36:42.204004   68836 watch.go:40] Failed to load config from \"/Users/nigelmorris/Documents/GitHub/induction/dataconnect\": could not find dataconnect.yaml in `/Users/nigelmorris/Documents/GitHub/induction/dataconnect`\n"}}
[debug] [2026-09-02T16:36:52.204Z] E0902 17:36:52.204141   68836 watch.go:116] watchAllDir unable to walk dir `/Users/nigelmorris/Documents/GitHub/induction/dataconnect`: lstat /Users/nigelmorris/Documents/GitHub/induction/dataconnect: no such file or directory
E0902 17:36:52.204345   68836 watch.go:40] Failed to load config from "/Users/nigelmorris/Documents/GitHub/induction/dataconnect": could not find dataconnect.yaml in `/Users/nigelmorris/Documents/GitHub/induction/dataconnect`
 {"metadata":{"emulator":{"name":"dataconnect"},"message":"E0902 17:36:52.204141   68836 watch.go:116] watchAllDir unable to walk dir `/Users/nigelmorris/Documents/GitHub/induction/dataconnect`: lstat /Users/nigelmorris/Documents/GitHub/induction/dataconnect: no such file or directory\nE0902 17:36:52.204345   68836 watch.go:40] Failed to load config from \"/Users/nigelmorris/Documents/GitHub/induction/dataconnect\": could not find dataconnect.yaml in `/Users/nigelmorris/Documents/GitHub/induction/dataconnect`\n"}}
[debug] [2026-09-02T16:37:02.205Z] E0902 17:37:02.204868   68836 watch.go:40] Failed to load config from "/Users/nigelmorris/Documents/GitHub/induction/dataconnect": could not find dataconnect.yaml in `/Users/nigelmorris/Documents/GitHub/induction/dataconnect`
 {"metadata":{"emulator":{"name":"dataconnect"},"message":"E0902 17:37:02.204868   68836 watch.go:40] Failed to load config from \"/Users/nigelmorris/Documents/GitHub/induction/dataconnect\": could not find dataconnect.yaml in `/Users/nigelmorris/Documents/GitHub/induction/dataconnect`\n"}}
[debug] [2026-09-02T16:37:12.209Z] E0902 17:37:12.204924   68836 watch.go:40] Failed to load config from "/Users/nigelmorris/Documents/GitHub/induction/dataconnect": could not find dataconnect.yaml in `/Users/nigelmorris/Documents/GitHub/induction/dataconnect`
 {"metadata":{"emulator":{"name":"dataconnect"},"message":"E0902 17:37:12.204924   68836 watch.go:40] Failed to load config from \"/Users/nigelmorris/Documents/GitHub/induction/dataconnect\": could not find dataconnect.yaml in `/Users/nigelmorris/Documents/GitHub/induction/dataconnect`\n"}}
[debug] [2026-09-02T16:37:22.209Z] E0902 17:37:22.209124   68836 watch.go:40] Failed to load config from "/Users/nigelmorris/Documents/GitHub/induction/dataconnect": could not find dataconnect.yaml in `/Users/nigelmorris/Documents/GitHub/induction/dataconnect`
 {"metadata":{"emulator":{"name":"dataconnect"},"message":"E0902 17:37:22.209124   68836 watch.go:40] Failed to load config from \"/Users/nigelmorris/Documents/GitHub/induction/dataconnect\": could not find dataconnect.yaml in `/Users/nigelmorris/Documents/GitHub/induction/dataconnect`\n"}}
[debug] [2026-09-02T16:37:32.204Z] E0902 17:37:32.204618   68836 watch.go:40] Failed to load config from "/Users/nigelmorris/Documents/GitHub/induction/dataconnect": could not find dataconnect.yaml in `/Users/nigelmorris/Documents/GitHub/induction/dataconnect`
 {"metadata":{"emulator":{"name":"dataconnect"},"message":"E0902 17:37:32.204618   68836 watch.go:40] Failed to load config from \"/Users/nigelmorris/Documents/GitHub/induction/dataconnect\": could not find dataconnect.yaml in `/Users/nigelmorris/Documents/GitHub/induction/dataconnect`\n"}}
[debug] [2026-09-02T16:37:42.208Z] E0902 17:37:42.208271   68836 watch.go:40] Failed to load config from "/Users/nigelmorris/Documents/GitHub/induction/dataconnect": could not find dataconnect.yaml in `/Users/nigelmorris/Documents/GitHub/induction/dataconnect`
 {"metadata":{"emulator":{"name":"dataconnect"},"message":"E0902 17:37:42.208271   68836 watch.go:40] Failed to load config from \"/Users/nigelmorris/Documents/GitHub/induction/dataconnect\": could not find dataconnect.yaml in `/Users/nigelmorris/Documents/GitHub/induction/dataconnect`\n"}}
[debug] [2026-09-02T16:37:52.208Z] E0902 17:37:52.207677   68836 watch.go:116] watchAllDir unable to walk dir `/Users/nigelmorris/Documents/GitHub/induction/dataconnect`: lstat /Users/nigelmorris/Documents/GitHub/induction/dataconnect: no such file or directory
 {"metadata":{"emulator":{"name":"dataconnect"},"message":"E0902 17:37:52.207677   68836 watch.go:116] watchAllDir unable to walk dir `/Users/nigelmorris/Documents/GitHub/induction/dataconnect`: lstat /Users/nigelmorris/Documents/GitHub/induction/dataconnect: no such file or directory\n"}}
[debug] [2026-09-02T16:37:52.210Z] E0902 17:37:52.208079   68836 watch.go:40] Failed to load config from "/Users/nigelmorris/Documents/GitHub/induction/dataconnect": could not find dataconnect.yaml in `/Users/nigelmorris/Documents/GitHub/induction/dataconnect`
 {"metadata":{"emulator":{"name":"dataconnect"},"message":"E0902 17:37:52.208079   68836 watch.go:40] Failed to load config from \"/Users/nigelmorris/Documents/GitHub/induction/dataconnect\": could not find dataconnect.yaml in `/Users/nigelmorris/Documents/GitHub/induction/dataconnect`\n"}}
[debug] [2026-09-02T16:38:02.208Z] E0902 17:38:02.207616   68836 watch.go:40] Failed to load config from "/Users/nigelmorris/Documents/GitHub/induction/dataconnect": could not find dataconnect.yaml in `/Users/nigelmorris/Documents/GitHub/induction/dataconnect`
 {"metadata":{"emulator":{"name":"dataconnect"},"message":"E0902 17:38:02.207616   68836 watch.go:40] Failed to load config from \"/Users/nigelmorris/Documents/GitHub/induction/dataconnect\": could not find dataconnect.yaml in `/Users/nigelmorris/Documents/GitHub/induction/dataconnect`\n"}}
[debug] [2026-09-02T16:38:12.208Z] E0902 17:38:12.207697   68836 watch.go:40] Failed to load config from "/Users/nigelmorris/Documents/GitHub/induction/dataconnect": could not find dataconnect.yaml in `/Users/nigelmorris/Documents/GitHub/induction/dataconnect`
 {"metadata":{"emulator":{"name":"dataconnect"},"message":"E0902 17:38:12.207697   68836 watch.go:40] Failed to load config from \"/Users/nigelmorris/Documents/GitHub/induction/dataconnect\": could not find dataconnect.yaml in `/Users/nigelmorris/Documents/GitHub/induction/dataconnect`\n"}}
[info] [Firebase Plugin] Stopping SQL Connect toolkit
